Archive member included to satisfy reference by file (symbol)

app/libapp.a(main.c.obj)      (--whole-archive)
zephyr/libzephyr.a(cbprintf.c.obj)
                              (--whole-archive)
zephyr/libzephyr.a(cbprintf_packaged.c.obj)
                              (--whole-archive)
zephyr/libzephyr.a(crc32c_sw.c.obj)
                              (--whole-archive)
zephyr/libzephyr.a(crc32_sw.c.obj)
                              (--whole-archive)
zephyr/libzephyr.a(crc16_sw.c.obj)
                              (--whole-archive)
zephyr/libzephyr.a(crc8_sw.c.obj)
                              (--whole-archive)
zephyr/libzephyr.a(crc7_sw.c.obj)
                              (--whole-archive)
zephyr/libzephyr.a(dec.c.obj)
                              (--whole-archive)
zephyr/libzephyr.a(fdtable.c.obj)
                              (--whole-archive)
zephyr/libzephyr.a(hex.c.obj)
                              (--whole-archive)
zephyr/libzephyr.a(notify.c.obj)
                              (--whole-archive)
zephyr/libzephyr.a(printk.c.obj)
                              (--whole-archive)
zephyr/libzephyr.a(onoff.c.obj)
                              (--whole-archive)
zephyr/libzephyr.a(rb.c.obj)  (--whole-archive)
zephyr/libzephyr.a(sem.c.obj)
                              (--whole-archive)
zephyr/libzephyr.a(thread_entry.c.obj)
                              (--whole-archive)
zephyr/libzephyr.a(timeutil.c.obj)
                              (--whole-archive)
zephyr/libzephyr.a(heap.c.obj)
                              (--whole-archive)
zephyr/libzephyr.a(heap-validate.c.obj)
                              (--whole-archive)
zephyr/libzephyr.a(bitarray.c.obj)
                              (--whole-archive)
zephyr/libzephyr.a(multi_heap.c.obj)
                              (--whole-archive)
zephyr/libzephyr.a(cbprintf_complete.c.obj)
                              (--whole-archive)
zephyr/libzephyr.a(assert.c.obj)
                              (--whole-archive)
zephyr/libzephyr.a(mpsc_pbuf.c.obj)
                              (--whole-archive)
zephyr/libzephyr.a(reboot.c.obj)
                              (--whole-archive)
zephyr/libzephyr.a(configs.c.obj)
                              (--whole-archive)
zephyr/libzephyr.a(soc_nrf_common.S.obj)
                              (--whole-archive)
zephyr/libzephyr.a(validate_base_addresses.c.obj)
                              (--whole-archive)
zephyr/libzephyr.a(validate_enabled_instances.c.obj)
                              (--whole-archive)
zephyr/libzephyr.a(log_list.c.obj)
                              (--whole-archive)
zephyr/libzephyr.a(log_core.c.obj)
                              (--whole-archive)
zephyr/libzephyr.a(log_mgmt.c.obj)
                              (--whole-archive)
zephyr/libzephyr.a(log_msg.c.obj)
                              (--whole-archive)
zephyr/libzephyr.a(log_output.c.obj)
                              (--whole-archive)
zephyr/libzephyr.a(log_msg2.c.obj)
                              (--whole-archive)
zephyr/libzephyr.a(log_backend_uart.c.obj)
                              (--whole-archive)
zephyr/libzephyr.a(log_backend_rtt.c.obj)
                              (--whole-archive)
zephyr/libzephyr.a(pm.c.obj)  (--whole-archive)
zephyr/libzephyr.a(policy.c.obj)
                              (--whole-archive)
zephyr/libzephyr.a(state.c.obj)
                              (--whole-archive)
zephyr/libzephyr.a(tracing_none.c.obj)
                              (--whole-archive)
zephyr/libzephyr.a(nrf_cc3xx_platform_abort_zephyr.c.obj)
                              (--whole-archive)
zephyr/libzephyr.a(nrf_cc3xx_platform_mutex_zephyr.c.obj)
                              (--whole-archive)
zephyr/arch/common/libarch__common.a(sw_isr_common.c.obj)
                              (--whole-archive)
zephyr/arch/arch/arm/core/aarch32/libarch__arm__core__aarch32.a(cpu_idle.S.obj)
                              (--whole-archive)
zephyr/arch/arch/arm/core/aarch32/libarch__arm__core__aarch32.a(fatal.c.obj)
                              (--whole-archive)
zephyr/arch/arch/arm/core/aarch32/libarch__arm__core__aarch32.a(irq_manage.c.obj)
                              (--whole-archive)
zephyr/arch/arch/arm/core/aarch32/libarch__arm__core__aarch32.a(nmi.c.obj)
                              (--whole-archive)
zephyr/arch/arch/arm/core/aarch32/libarch__arm__core__aarch32.a(nmi_on_reset.S.obj)
                              (--whole-archive)
zephyr/arch/arch/arm/core/aarch32/libarch__arm__core__aarch32.a(prep_c.c.obj)
                              (--whole-archive)
zephyr/arch/arch/arm/core/aarch32/libarch__arm__core__aarch32.a(swap.c.obj)
                              (--whole-archive)
zephyr/arch/arch/arm/core/aarch32/libarch__arm__core__aarch32.a(swap_helper.S.obj)
                              (--whole-archive)
zephyr/arch/arch/arm/core/aarch32/libarch__arm__core__aarch32.a(thread.c.obj)
                              (--whole-archive)
[...]
Memory Configuration

Name             Origin             Length             Attributes
FLASH            0x0000000000000000 0x0000000000100000 xr
SRAM             0x0000000020000000 0x0000000000040000 xw
IDT_LIST         0x00000000fffff7ff 0x0000000000000800 xw
*default*        0x0000000000000000 0xffffffffffffffff

Linker script and memory map

LOAD zephyr/CMakeFiles/zephyr_final.dir/misc/empty_file.c.obj
LOAD zephyr/CMakeFiles/zephyr_final.dir/dev_handles.c.obj
LOAD zephyr/CMakeFiles/zephyr_final.dir/isr_tables.c.obj
LOAD zephyr/CMakeFiles/offsets.dir/./arch/arm/core/offsets/offsets.c.obj
                0x0000000000000020                _region_min_align = 0x20

.rel.plt        0x0000000000000000        0x0
 *(SORT_BY_ALIGNMENT(.rel.plt))
                [!provide]                        PROVIDE (__rel_iplt_start = .)
 *(SORT_BY_ALIGNMENT(.rel.iplt))
 .rel.iplt      0x0000000000000000        0x0 zephyr/CMakeFiles/zephyr_final.dir/isr_tables.c.obj
                [!provide]                        PROVIDE (__rel_iplt_end = .)

.rela.plt       0x0000000000000000        0x0
 *(SORT_BY_ALIGNMENT(.rela.plt))
                [!provide]                        PROVIDE (__rela_iplt_start = .)
 *(SORT_BY_ALIGNMENT(.rela.iplt))
                [!provide]                        PROVIDE (__rela_iplt_end = .)

.rel.dyn
 *(SORT_BY_ALIGNMENT(.rel.*))

.rela.dyn
 *(SORT_BY_ALIGNMENT(.rela.*))

/DISCARD/
 *(SORT_BY_ALIGNMENT(.plt))
 *(SORT_BY_ALIGNMENT(.iplt))
 *(SORT_BY_ALIGNMENT(.got.plt))
 *(SORT_BY_ALIGNMENT(.igot.plt))
 *(SORT_BY_ALIGNMENT(.got))
 *(SORT_BY_ALIGNMENT(.igot))
 *(SORT_BY_ALIGNMENT(.irq_info*))
 *(SORT_BY_ALIGNMENT(.intList*))
 *(SORT_BY_ALIGNMENT(.note.GNU-stack))
                0x0000000000000000                __rom_region_start = 0x0

rom_start       0x0000000000000000      0x100
                0x0000000000000000                . = 0x0
                0x0000000000000000                . = ALIGN (0x4)
                0x0000000000000000                . = ALIGN (0x80)
                0x0000000000000000                . = ALIGN (0x100)
                0x0000000000000000                _vector_start = .
 *(SORT_BY_ALIGNMENT(.exc_vector_table))
 *(SORT_BY_ALIGNMENT(.exc_vector_table.*))
 .exc_vector_table._vector_table_section
                0x0000000000000000       0x40 zephyr/arch/arch/arm/core/aarch32/cortex_m/libarch__arm__core__aarch32__cortex_m.a(vector_table.S.obj)
                0x0000000000000000                _vector_table
 *(SORT_BY_ALIGNMENT(.gnu.linkonce.irq_vector_table*))
 .gnu.linkonce.irq_vector_table
                0x0000000000000040       0xc0 zephyr/CMakeFiles/zephyr_final.dir/isr_tables.c.obj
                0x0000000000000040                _irq_vector_table
 *(SORT_BY_ALIGNMENT(.vectors))
                0x0000000000000100                _vector_end = .

text            0x0000000000000100     0x6acc
                0x0000000000000100                __text_region_start = .
 *(SORT_BY_ALIGNMENT(.text))
 .text          0x0000000000000100       0x30 /home/rt/zephyr-sdk-0.14.1/arm-zephyr-eabi/bin/../lib/gcc/arm-zephyr-eabi/10.3.0/thumb/v7e-m/nofp/libgcc.a(_aeabi_uldivmod.o)
                0x0000000000000100                __aeabi_uldivmod
 .text          0x0000000000000130        0x4 /home/rt/zephyr-sdk-0.14.1/arm-zephyr-eabi/bin/../lib/gcc/arm-zephyr-eabi/10.3.0/thumb/v7e-m/nofp/libgcc.a(_dvmd_tls.o)
                0x0000000000000130                __aeabi_ldiv0
                0x0000000000000130                __aeabi_idiv0
 .text          0x0000000000000134      0x2a6 /home/rt/zephyr-sdk-0.14.1/arm-zephyr-eabi/bin/../lib/gcc/arm-zephyr-eabi/10.3.0/thumb/v7e-m/nofp/libgcc.a(_udivmoddi4.o)
                0x0000000000000134                __udivmoddi4
 *(SORT_BY_ALIGNMENT(.text.*))
 *fill*         0x00000000000003da        0x6 
 .text.pwm_set_dt.constprop.0.isra.0
                0x00000000000003e0       0x9c app/libapp.a(main.c.obj)
 .text.button_pressed
                0x000000000000047c       0x44 app/libapp.a(main.c.obj)
                0x000000000000047c                button_pressed
 .text.main     0x00000000000004c0       0xec app/libapp.a(main.c.obj)
                0x00000000000004c0                main
 .text.cbvprintf_package
                0x00000000000005ac      0x478 zephyr/libzephyr.a(cbprintf_packaged.c.obj)
                0x00000000000005ac                cbvprintf_package
 .text.__printk_hook_install
                0x0000000000000a24        0xc zephyr/libzephyr.a(printk.c.obj)
                0x0000000000000a24                __printk_hook_install
 .text.process_event
                0x0000000000000a30      0x1c0 zephyr/libzephyr.a(onoff.c.obj)
 .text.cbvprintf
                0x0000000000000bf0      0x784 zephyr/libzephyr.a(cbprintf_complete.c.obj)
                0x0000000000000bf0                cbvprintf
 .text.sys_reboot
                0x0000000000001374       0x28 zephyr/libzephyr.a(reboot.c.obj)
                0x0000000000001374                sys_reboot
 .text.msg_process
                0x000000000000139c       0x34 zephyr/libzephyr.a(log_core.c.obj)
 .text.log_format_func_t_get
                0x00000000000013d0        0xc zephyr/libzephyr.a(log_core.c.obj)
                0x00000000000013d0                log_format_func_t_get
 .text.log_core_init
                0x00000000000013dc       0x28 zephyr/libzephyr.a(log_core.c.obj)
                0x00000000000013dc                log_core_init
 .text.log_init
                0x0000000000001404       0x58 zephyr/libzephyr.a(log_core.c.obj)
                0x0000000000001404                log_init
 .text.z_impl_log_panic
                0x000000000000145c       0x40 zephyr/libzephyr.a(log_core.c.obj)
                0x000000000000145c                z_impl_log_panic
 .text.z_log_notify_backend_enabled
                0x000000000000149c        0xc zephyr/libzephyr.a(log_core.c.obj)
                0x000000000000149c                z_log_notify_backend_enabled
 .text.z_log_dropped
                0x00000000000014a8       0x3c zephyr/libzephyr.a(log_core.c.obj)
                0x00000000000014a8                z_log_dropped
 .text.z_log_msg2_commit
                0x00000000000014e4       0x1c zephyr/libzephyr.a(log_core.c.obj)
                0x00000000000014e4                z_log_msg2_commit
 .text.log_source_name_get
                0x0000000000001500       0x1c zephyr/libzephyr.a(log_mgmt.c.obj)
                0x0000000000001500                log_source_name_get
 .text.log_backend_enable
                0x000000000000151c       0x1c zephyr/libzephyr.a(log_mgmt.c.obj)
                0x000000000000151c                log_backend_enable
 .text.print_formatted
                0x0000000000001538       0x24 zephyr/libzephyr.a(log_output.c.obj)
 .text.prefix_print
                0x000000000000155c      0x148 zephyr/libzephyr.a(log_output.c.obj)
 .text.hexdump_line_print
                0x00000000000016a4       0xdc zephyr/libzephyr.a(log_output.c.obj)
 .text.postfix_print
                0x0000000000001780       0x3c zephyr/libzephyr.a(log_output.c.obj)
 .text.log_output_msg2_process
                0x00000000000017bc       0xc8 zephyr/libzephyr.a(log_output.c.obj)
                0x00000000000017bc                log_output_msg2_process
 .text.log_output_timestamp_freq_set
                0x0000000000001884       0x30 zephyr/libzephyr.a(log_output.c.obj)
                0x0000000000001884                log_output_timestamp_freq_set
 .text.z_impl_z_log_msg2_runtime_vcreate
                0x00000000000018b4       0x8c zephyr/libzephyr.a(log_msg2.c.obj)
                0x00000000000018b4                z_impl_z_log_msg2_runtime_vcreate
 .text.char_out
                0x0000000000001940       0x24 zephyr/libzephyr.a(log_backend_uart.c.obj)
 .text.format_set
                0x0000000000001964        0xc zephyr/libzephyr.a(log_backend_uart.c.obj)
 .text.log_backend_uart_init
                0x0000000000001970       0x10 zephyr/libzephyr.a(log_backend_uart.c.obj)
 .text.panic    0x0000000000001980       0x14 zephyr/libzephyr.a(log_backend_uart.c.obj)
 .text.process  0x0000000000001994       0x24 zephyr/libzephyr.a(log_backend_uart.c.obj)
 .text.log_backend_rtt_init
                0x00000000000019b8        0xc zephyr/libzephyr.a(log_backend_rtt.c.obj)
 .text.format_set
                0x00000000000019c4        0xc zephyr/libzephyr.a(log_backend_rtt.c.obj)
 .text.panic    0x00000000000019d0       0x14 zephyr/libzephyr.a(log_backend_rtt.c.obj)
 .text.process  0x00000000000019e4       0x24 zephyr/libzephyr.a(log_backend_rtt.c.obj)
 .text.data_out_block_mode
                0x0000000000001a08       0x70 zephyr/libzephyr.a(log_backend_rtt.c.obj)
 .text.pm_state_notify
                0x0000000000001a78       0x5c zephyr/libzephyr.a(pm.c.obj)
 .text.atomic_clear_bit.constprop.0
                0x0000000000001ad4       0x30 zephyr/libzephyr.a(pm.c.obj)
 .text.pm_system_resume
                0x0000000000001b04       0x7c zephyr/libzephyr.a(pm.c.obj)
                0x0000000000001b04                pm_system_resume
 .text.pm_system_suspend
                0x0000000000001b80       0xec zephyr/libzephyr.a(pm.c.obj)
                0x0000000000001b80                pm_system_suspend
 .text.pm_policy_state_lock_is_active
                0x0000000000001c6c       0x1c zephyr/libzephyr.a(policy.c.obj)
                0x0000000000001c6c                pm_policy_state_lock_is_active
 .text.pm_policy_next_state
                0x0000000000001c88       0x9c zephyr/libzephyr.a(policy.c.obj)
                0x0000000000001c88                pm_policy_next_state
 .text.pm_state_cpu_get_all
                0x0000000000001d24       0x10 zephyr/libzephyr.a(state.c.obj)
                0x0000000000001d24                pm_state_cpu_get_all
 .text.nrf_cc3xx_platform_abort_init
                0x0000000000001d34        0xc zephyr/libzephyr.a(nrf_cc3xx_platform_abort_zephyr.c.obj)
                0x0000000000001d34                nrf_cc3xx_platform_abort_init
 .text.mutex_free_platform
                0x0000000000001d40       0x48 zephyr/libzephyr.a(nrf_cc3xx_platform_mutex_zephyr.c.obj)
 .text.mutex_lock_platform
                0x0000000000001d88       0x58 zephyr/libzephyr.a(nrf_cc3xx_platform_mutex_zephyr.c.obj)
 .text.mutex_unlock_platform
                0x0000000000001de0       0x4c zephyr/libzephyr.a(nrf_cc3xx_platform_mutex_zephyr.c.obj)
 .text.mutex_init_platform
                0x0000000000001e2c       0x70 zephyr/libzephyr.a(nrf_cc3xx_platform_mutex_zephyr.c.obj)
 .text.nrf_cc3xx_platform_mutex_init
                0x0000000000001e9c       0x2c zephyr/libzephyr.a(nrf_cc3xx_platform_mutex_zephyr.c.obj)
                0x0000000000001e9c                nrf_cc3xx_platform_mutex_init
 .text.z_arm_cpu_idle_init
                0x0000000000001ec8        0xc zephyr/arch/arch/arm/core/aarch32/libarch__arm__core__aarch32.a(cpu_idle.S.obj)
                0x0000000000001ec8                z_arm_cpu_idle_init
 .text.arch_cpu_idle
                0x0000000000001ed4       0x1c zephyr/arch/arch/arm/core/aarch32/libarch__arm__core__aarch32.a(cpu_idle.S.obj)
                0x0000000000001ed4                arch_cpu_idle
 .text.arch_cpu_atomic_idle
                0x0000000000001ef0       0x14 zephyr/arch/arch/arm/core/aarch32/libarch__arm__core__aarch32.a(cpu_idle.S.obj)
                0x0000000000001ef0                arch_cpu_atomic_idle
 .text.z_arm_fatal_error
                0x0000000000001f04       0xa0 zephyr/arch/arch/arm/core/aarch32/libarch__arm__core__aarch32.a(fatal.c.obj)
                0x0000000000001f04                z_arm_fatal_error
 .text.arch_irq_enable
                0x0000000000001fa4       0x20 zephyr/arch/arch/arm/core/aarch32/libarch__arm__core__aarch32.a(irq_manage.c.obj)
                0x0000000000001fa4                arch_irq_enable
 .text.arch_irq_is_enabled
                0x0000000000001fc4       0x1c zephyr/arch/arch/arm/core/aarch32/libarch__arm__core__aarch32.a(irq_manage.c.obj)
                0x0000000000001fc4                arch_irq_is_enabled
 .text.z_arm_irq_priority_set
                0x0000000000001fe0       0x30 zephyr/arch/arch/arm/core/aarch32/libarch__arm__core__aarch32.a(irq_manage.c.obj)
                0x0000000000001fe0                z_arm_irq_priority_set
 .text.z_SysNmiOnReset
                0x0000000000002010        0x8 zephyr/arch/arch/arm/core/aarch32/libarch__arm__core__aarch32.a(nmi_on_reset.S.obj)
                0x0000000000002010                z_SysNmiOnReset
 .text.z_arm_prep_c
                0x0000000000002018       0x38 zephyr/arch/arch/arm/core/aarch32/libarch__arm__core__aarch32.a(prep_c.c.obj)
                0x0000000000002018                z_arm_prep_c
 .text.arch_swap
                0x0000000000002050       0x34 zephyr/arch/arch/arm/core/aarch32/libarch__arm__core__aarch32.a(swap.c.obj)
                0x0000000000002050                arch_swap
 .text.z_arm_pendsv
                0x0000000000002084       0x54 zephyr/arch/arch/arm/core/aarch32/libarch__arm__core__aarch32.a(swap_helper.S.obj)
                0x0000000000002084                z_arm_pendsv
 .text.z_arm_svc
                0x00000000000020d8       0x20 zephyr/arch/arch/arm/core/aarch32/libarch__arm__core__aarch32.a(swap_helper.S.obj)
                0x00000000000020d8                z_arm_svc
 .text.arch_new_thread
                0x00000000000020f8       0x38 zephyr/arch/arch/arm/core/aarch32/libarch__arm__core__aarch32.a(thread.c.obj)
                0x00000000000020f8                arch_new_thread
 .text.z_check_thread_stack_fail
                0x0000000000002130       0x2c zephyr/arch/arch/arm/core/aarch32/libarch__arm__core__aarch32.a(thread.c.obj)
                0x0000000000002130                z_check_thread_stack_fail
 .text.arch_switch_to_main_thread
                0x000000000000215c       0x2c zephyr/arch/arch/arm/core/aarch32/libarch__arm__core__aarch32.a(thread.c.obj)
                0x000000000000215c                arch_switch_to_main_thread
 .text._isr_wrapper
                0x0000000000002188       0x40 zephyr/arch/arch/arm/core/aarch32/libarch__arm__core__aarch32.a(isr_wrapper.S.obj)
                0x0000000000002188                _isr_wrapper
 .text._HandlerModeExit
                0x00000000000021c8       0x1c zephyr/arch/arch/arm/core/aarch32/cortex_m/libarch__arm__core__aarch32__cortex_m.a(exc_exit.S.obj)
                0x00000000000021c8                z_arm_exc_exit
                0x00000000000021c8                z_arm_int_exit
 .text.bus_fault.constprop.0
                0x00000000000021e4      0x11c zephyr/arch/arch/arm/core/aarch32/cortex_m/libarch__arm__core__aarch32__cortex_m.a(fault.c.obj)
 .text.usage_fault.constprop.0
                0x0000000000002300       0xf8 zephyr/arch/arch/arm/core/aarch32/cortex_m/libarch__arm__core__aarch32__cortex_m.a(fault.c.obj)
 .text.mem_manage_fault
                0x00000000000023f8      0x154 zephyr/arch/arch/arm/core/aarch32/cortex_m/libarch__arm__core__aarch32__cortex_m.a(fault.c.obj)
 .text.z_arm_fault
                0x000000000000254c      0x1ec zephyr/arch/arch/arm/core/aarch32/cortex_m/libarch__arm__core__aarch32__cortex_m.a(fault.c.obj)
                0x000000000000254c                z_arm_fault
 .text.z_arm_fault_init
                0x0000000000002738       0x10 zephyr/arch/arch/arm/core/aarch32/cortex_m/libarch__arm__core__aarch32__cortex_m.a(fault.c.obj)
                0x0000000000002738                z_arm_fault_init
 .text.__fault  0x0000000000002748       0x14 zephyr/arch/arch/arm/core/aarch32/cortex_m/libarch__arm__core__aarch32__cortex_m.a(fault_s.S.obj)
                0x0000000000002748                z_arm_bus_fault
                0x0000000000002748                z_arm_usage_fault
                0x0000000000002748                z_arm_mpu_fault
                0x0000000000002748                z_arm_exc_spurious
                0x0000000000002748                z_arm_debug_monitor
                0x0000000000002748                z_arm_hard_fault
 .text.z_arm_interrupt_init
                0x000000000000275c       0x18 zephyr/arch/arch/arm/core/aarch32/cortex_m/libarch__arm__core__aarch32__cortex_m.a(irq_init.c.obj)
                0x000000000000275c                z_arm_interrupt_init
 .text._reset_section
                0x0000000000002774       0x54 zephyr/arch/arch/arm/core/aarch32/cortex_m/libarch__arm__core__aarch32__cortex_m.a(reset.S.obj)
                0x0000000000002774                z_arm_reset
                0x0000000000002774                __start
 .text.z_arm_clear_arm_mpu_config
                0x00000000000027c8       0x24 zephyr/arch/arch/arm/core/aarch32/cortex_m/libarch__arm__core__aarch32__cortex_m.a(scb.c.obj)
                0x00000000000027c8                z_arm_clear_arm_mpu_config
 .text.z_arm_init_arch_hw_at_boot
                0x00000000000027ec       0x64 zephyr/arch/arch/arm/core/aarch32/cortex_m/libarch__arm__core__aarch32__cortex_m.a(scb.c.obj)
                0x00000000000027ec                z_arm_init_arch_hw_at_boot
 .text.z_impl_k_thread_abort
                0x0000000000002850       0x2c zephyr/arch/arch/arm/core/aarch32/cortex_m/libarch__arm__core__aarch32__cortex_m.a(thread_abort.c.obj)
                0x0000000000002850                z_impl_k_thread_abort
 .text.z_arm_configure_static_mpu_regions
                0x000000000000287c       0x18 zephyr/arch/arch/arm/core/aarch32/mpu/libarch__arm__core__aarch32__mpu.a(arm_core_mpu.c.obj)
                0x000000000000287c                z_arm_configure_static_mpu_regions
 .text.z_arm_configure_dynamic_mpu_regions
                0x0000000000002894       0x20 zephyr/arch/arch/arm/core/aarch32/mpu/libarch__arm__core__aarch32__mpu.a(arm_core_mpu.c.obj)
                0x0000000000002894                z_arm_configure_dynamic_mpu_regions
 .text.mpu_configure_regions
                0x00000000000028b4       0xb0 zephyr/arch/arch/arm/core/aarch32/mpu/libarch__arm__core__aarch32__mpu.a(arm_mpu.c.obj)
 .text.arm_core_mpu_enable
                0x0000000000002964       0x18 zephyr/arch/arch/arm/core/aarch32/mpu/libarch__arm__core__aarch32__mpu.a(arm_mpu.c.obj)
                0x0000000000002964                arm_core_mpu_enable
 .text.arm_core_mpu_disable
                0x000000000000297c       0x14 zephyr/arch/arch/arm/core/aarch32/mpu/libarch__arm__core__aarch32__mpu.a(arm_mpu.c.obj)
                0x000000000000297c                arm_core_mpu_disable
 .text.arm_core_mpu_configure_static_mpu_regions
                0x0000000000002990       0x14 zephyr/arch/arch/arm/core/aarch32/mpu/libarch__arm__core__aarch32__mpu.a(arm_mpu.c.obj)
                0x0000000000002990                arm_core_mpu_configure_static_mpu_regions
 .text.arm_core_mpu_configure_dynamic_mpu_regions
                0x00000000000029a4       0x30 zephyr/arch/arch/arm/core/aarch32/mpu/libarch__arm__core__aarch32__mpu.a(arm_mpu.c.obj)
                0x00000000000029a4                arm_core_mpu_configure_dynamic_mpu_regions
 .text.z_arm_mpu_init
                0x00000000000029d4       0x60 zephyr/arch/arch/arm/core/aarch32/mpu/libarch__arm__core__aarch32__mpu.a(arm_mpu.c.obj)
                0x00000000000029d4                z_arm_mpu_init
 .text.__stdout_hook_install
                0x0000000000002a34        0xc zephyr/lib/libc/minimal/liblib__libc__minimal.a(stdout_console.c.obj)
                0x0000000000002a34                __stdout_hook_install
 .text.nordicsemi_nrf52_init
                0x0000000000002a40       0x60 zephyr/soc/arm/nordic_nrf/nrf52/libsoc__arm__nordic_nrf__nrf52.a(soc.c.obj)
 .text.sys_arch_reboot
                0x0000000000002aa0       0x2c zephyr/soc/arm/nordic_nrf/nrf52/libsoc__arm__nordic_nrf__nrf52.a(soc.c.obj)
                0x0000000000002aa0                sys_arch_reboot
 .text.arch_busy_wait
                0x0000000000002acc       0x14 zephyr/soc/arm/nordic_nrf/nrf52/libsoc__arm__nordic_nrf__nrf52.a(soc.c.obj)
                0x0000000000002acc                arch_busy_wait
 .text.onoff_stop
                0x0000000000002ae0       0x30 zephyr/drivers/clock_control/libdrivers__clock_control.a(clock_control_nrf.c.obj)
 .text.onoff_start
                0x0000000000002b10       0x44 zephyr/drivers/clock_control/libdrivers__clock_control.a(clock_control_nrf.c.obj)
 .text.clk_init
                0x0000000000002b54       0x58 zephyr/drivers/clock_control/libdrivers__clock_control.a(clock_control_nrf.c.obj)
 .text.clkstarted_handle.constprop.0
                0x0000000000002bac       0x34 zephyr/drivers/clock_control/libdrivers__clock_control.a(clock_control_nrf.c.obj)
 .text.clock_event_handler
                0x0000000000002be0       0x1c zephyr/drivers/clock_control/libdrivers__clock_control.a(clock_control_nrf.c.obj)
 .text.generic_hfclk_start
                0x0000000000002bfc       0x64 zephyr/drivers/clock_control/libdrivers__clock_control.a(clock_control_nrf.c.obj)
 .text.api_blocking_start
                0x0000000000002c60       0x34 zephyr/drivers/clock_control/libdrivers__clock_control.a(clock_control_nrf.c.obj)
 .text.generic_hfclk_stop
                0x0000000000002c94       0x2c zephyr/drivers/clock_control/libdrivers__clock_control.a(clock_control_nrf.c.obj)
 .text.z_nrf_clock_control_lf_on
                0x0000000000002cc0      0x100 zephyr/drivers/clock_control/libdrivers__clock_control.a(clock_control_nrf.c.obj)
                0x0000000000002cc0                z_nrf_clock_control_lf_on
 .text.uart_console_init
                0x0000000000002dc0       0x30 zephyr/drivers/console/libdrivers__console.a(uart_console.c.obj)
 .text.console_out
                0x0000000000002df0       0x28 zephyr/drivers/console/libdrivers__console.a(uart_console.c.obj)
 .text.gpio_nrfx_pin_interrupt_configure
                0x0000000000002e18       0xd4 zephyr/drivers/gpio/libdrivers__gpio.a(gpio_nrfx.c.obj)
 .text.gpio_nrfx_init
                0x0000000000002eec       0x38 zephyr/drivers/gpio/libdrivers__gpio.a(gpio_nrfx.c.obj)
 .text.nrfx_gpio_handler
                0x0000000000002f24       0x44 zephyr/drivers/gpio/libdrivers__gpio.a(gpio_nrfx.c.obj)
 .text.gpio_nrfx_pin_configure
                0x0000000000002f68      0x158 zephyr/drivers/gpio/libdrivers__gpio.a(gpio_nrfx.c.obj)
 .text.pwm_nrfx_get_cycles_per_sec
                0x00000000000030c0       0x10 zephyr/drivers/pwm/libdrivers__pwm.a(pwm_nrfx.c.obj)
 .text.pwm_nrfx_init
                0x00000000000030d0       0xdc zephyr/drivers/pwm/libdrivers__pwm.a(pwm_nrfx.c.obj)
 .text.pwm_nrfx_set_cycles
                0x00000000000031ac      0x1e4 zephyr/drivers/pwm/libdrivers__pwm.a(pwm_nrfx.c.obj)
 .text.z_log_msg2_runtime_create.constprop.0
                0x0000000000003390       0x24 zephyr/drivers/serial/libdrivers__serial.a(uart_nrfx_uarte.c.obj)
 .text.uarte_nrfx_configure
                0x00000000000033b4      0x164 zephyr/drivers/serial/libdrivers__serial.a(uart_nrfx_uarte.c.obj)
 .text.uarte_instance_init.constprop.0
                0x0000000000003518      0x108 zephyr/drivers/serial/libdrivers__serial.a(uart_nrfx_uarte.c.obj)
 .text.uarte_nrfx_poll_out
                0x0000000000003620       0xc4 zephyr/drivers/serial/libdrivers__serial.a(uart_nrfx_uarte.c.obj)
 .text.compare_int_lock
                0x00000000000036e4       0x50 zephyr/drivers/timer/libdrivers__timer.a(nrf_rtc_timer.c.obj)
 .text.sys_clock_timeout_handler
                0x0000000000003734       0x78 zephyr/drivers/timer/libdrivers__timer.a(nrf_rtc_timer.c.obj)
 .text.compare_int_unlock
                0x00000000000037ac       0x5c zephyr/drivers/timer/libdrivers__timer.a(nrf_rtc_timer.c.obj)
 .text.z_nrf_rtc_timer_read
                0x0000000000003808       0x44 zephyr/drivers/timer/libdrivers__timer.a(nrf_rtc_timer.c.obj)
                0x0000000000003808                z_nrf_rtc_timer_read
 .text.compare_set
                0x000000000000384c      0x148 zephyr/drivers/timer/libdrivers__timer.a(nrf_rtc_timer.c.obj)
 .text.sys_clock_driver_init
                0x0000000000003994       0x80 zephyr/drivers/timer/libdrivers__timer.a(nrf_rtc_timer.c.obj)
 .text.rtc_nrf_isr
                0x0000000000003a14       0xec zephyr/drivers/timer/libdrivers__timer.a(nrf_rtc_timer.c.obj)
                0x0000000000003a14                rtc_nrf_isr
 .text.sys_clock_set_timeout
                0x0000000000003b00       0x64 zephyr/drivers/timer/libdrivers__timer.a(nrf_rtc_timer.c.obj)
                0x0000000000003b00                sys_clock_set_timeout
 .text.sys_clock_elapsed
                0x0000000000003b64       0x14 zephyr/drivers/timer/libdrivers__timer.a(nrf_rtc_timer.c.obj)
                0x0000000000003b64                sys_clock_elapsed
 .text.nrf_gpio_pin_clear
                0x0000000000003b78       0x20 zephyr/drivers/pinctrl/libdrivers__pinctrl.a(pinctrl_nrf.c.obj)
 .text.nrf_pin_configure
                0x0000000000003b98       0x44 zephyr/drivers/pinctrl/libdrivers__pinctrl.a(pinctrl_nrf.c.obj)
 .text.nrf_gpio_pin_set
                0x0000000000003bdc       0x20 zephyr/drivers/pinctrl/libdrivers__pinctrl.a(pinctrl_nrf.c.obj)
 .text.z_log_msg2_runtime_create.constprop.0
                0x0000000000003bfc       0x24 modules/nrf/lib/fatal_error/lib..__nrf__lib__fatal_error.a(fatal_error.c.obj)
 .text.k_sys_fatal_error_handler
                0x0000000000003c20       0x2c modules/nrf/lib/fatal_error/lib..__nrf__lib__fatal_error.a(fatal_error.c.obj)
                0x0000000000003c20                k_sys_fatal_error_handler
 .text.nrf52_errata_98
                0x0000000000003c4c       0x24 modules/hal_nordic/nrfx/libmodules__hal_nordic__nrfx.a(system_nrf52840.c.obj)
 .text.nvmc_wait
                0x0000000000003c70       0x10 modules/hal_nordic/nrfx/libmodules__hal_nordic__nrfx.a(system_nrf52840.c.obj)
                0x0000000000003c70                nvmc_wait
 .text.SystemInit
                0x0000000000003c80      0x1d4 modules/hal_nordic/nrfx/libmodules__hal_nordic__nrfx.a(system_nrf52840.c.obj)
                0x0000000000003c80                SystemInit
 .text.nrfx_flag32_alloc
                0x0000000000003e54       0x4c modules/hal_nordic/nrfx/libmodules__hal_nordic__nrfx.a(nrfx_flag32_allocator.c.obj)
                0x0000000000003e54                nrfx_flag32_alloc
 .text.nrfx_flag32_free
                0x0000000000003ea0       0x44 modules/hal_nordic/nrfx/libmodules__hal_nordic__nrfx.a(nrfx_flag32_allocator.c.obj)
                0x0000000000003ea0                nrfx_flag32_free
 .text.clock_stop
                0x0000000000003ee4       0xa8 modules/hal_nordic/nrfx/libmodules__hal_nordic__nrfx.a(nrfx_clock.c.obj)
 .text.nrfx_clock_init
                0x0000000000003f8c       0x20 modules/hal_nordic/nrfx/libmodules__hal_nordic__nrfx.a(nrfx_clock.c.obj)
                0x0000000000003f8c                nrfx_clock_init
 .text.nrfx_power_clock_irq_handler
                0x0000000000003fac       0x68 modules/hal_nordic/nrfx/libmodules__hal_nordic__nrfx.a(nrfx_clock.c.obj)
                0x0000000000003fac                nrfx_power_clock_irq_handler
 .text.nrf_gpio_pin_port_decode
                0x0000000000004014       0x1c modules/hal_nordic/nrfx/libmodules__hal_nordic__nrfx.a(nrfx_gpiote.c.obj)
 .text.pin_in_use_by_te
                0x0000000000004030       0x14 modules/hal_nordic/nrfx/libmodules__hal_nordic__nrfx.a(nrfx_gpiote.c.obj)
 .text.call_handler
                0x0000000000004044       0x3c modules/hal_nordic/nrfx/libmodules__hal_nordic__nrfx.a(nrfx_gpiote.c.obj)
 .text.release_handler
                0x0000000000004080       0x54 modules/hal_nordic/nrfx/libmodules__hal_nordic__nrfx.a(nrfx_gpiote.c.obj)
 .text.pin_handler_trigger_uninit
                0x00000000000040d4       0x38 modules/hal_nordic/nrfx/libmodules__hal_nordic__nrfx.a(nrfx_gpiote.c.obj)
 .text.nrfx_gpiote_input_configure
                0x000000000000410c      0x15c modules/hal_nordic/nrfx/libmodules__hal_nordic__nrfx.a(nrfx_gpiote.c.obj)
                0x000000000000410c                nrfx_gpiote_input_configure
 .text.nrfx_gpiote_output_configure
                0x0000000000004268       0xe4 modules/hal_nordic/nrfx/libmodules__hal_nordic__nrfx.a(nrfx_gpiote.c.obj)
                0x0000000000004268                nrfx_gpiote_output_configure
 .text.nrfx_gpiote_global_callback_set
                0x000000000000434c        0xc modules/hal_nordic/nrfx/libmodules__hal_nordic__nrfx.a(nrfx_gpiote.c.obj)
                0x000000000000434c                nrfx_gpiote_global_callback_set
 .text.nrfx_gpiote_channel_get
                0x0000000000004358       0x2c modules/hal_nordic/nrfx/libmodules__hal_nordic__nrfx.a(nrfx_gpiote.c.obj)
                0x0000000000004358                nrfx_gpiote_channel_get
 .text.nrfx_gpiote_init
                0x0000000000004384       0x50 modules/hal_nordic/nrfx/libmodules__hal_nordic__nrfx.a(nrfx_gpiote.c.obj)
                0x0000000000004384                nrfx_gpiote_init
 .text.nrfx_gpiote_is_init
                0x00000000000043d4       0x14 modules/hal_nordic/nrfx/libmodules__hal_nordic__nrfx.a(nrfx_gpiote.c.obj)
                0x00000000000043d4                nrfx_gpiote_is_init
 .text.nrfx_gpiote_channel_free
                0x00000000000043e8        0xc modules/hal_nordic/nrfx/libmodules__hal_nordic__nrfx.a(nrfx_gpiote.c.obj)
                0x00000000000043e8                nrfx_gpiote_channel_free
 .text.nrfx_gpiote_channel_alloc
                0x00000000000043f4        0xc modules/hal_nordic/nrfx/libmodules__hal_nordic__nrfx.a(nrfx_gpiote.c.obj)
                0x00000000000043f4                nrfx_gpiote_channel_alloc
 .text.nrfx_gpiote_trigger_enable
                0x0000000000004400       0x90 modules/hal_nordic/nrfx/libmodules__hal_nordic__nrfx.a(nrfx_gpiote.c.obj)
                0x0000000000004400                nrfx_gpiote_trigger_enable
 .text.nrfx_gpiote_trigger_disable
                0x0000000000004490       0x50 modules/hal_nordic/nrfx/libmodules__hal_nordic__nrfx.a(nrfx_gpiote.c.obj)
                0x0000000000004490                nrfx_gpiote_trigger_disable
 .text.nrfx_gpiote_pin_uninit
                0x00000000000044e0       0x48 modules/hal_nordic/nrfx/libmodules__hal_nordic__nrfx.a(nrfx_gpiote.c.obj)
                0x00000000000044e0                nrfx_gpiote_pin_uninit
 .text.nrfx_gpiote_irq_handler
                0x0000000000004528      0x1ac modules/hal_nordic/nrfx/libmodules__hal_nordic__nrfx.a(nrfx_gpiote.c.obj)
                0x0000000000004528                nrfx_gpiote_irq_handler
 .text.nrfx_ppi_channel_alloc
                0x00000000000046d4        0xc modules/hal_nordic/nrfx/libmodules__hal_nordic__nrfx.a(nrfx_ppi.c.obj)
                0x00000000000046d4                nrfx_ppi_channel_alloc
 .text.nrfx_pwm_init
                0x00000000000046e0      0x158 modules/hal_nordic/nrfx/libmodules__hal_nordic__nrfx.a(nrfx_pwm.c.obj)
                0x00000000000046e0                nrfx_pwm_init
 .text.nrfx_pwm_simple_playback
                0x0000000000004838       0x7c modules/hal_nordic/nrfx/libmodules__hal_nordic__nrfx.a(nrfx_pwm.c.obj)
                0x0000000000004838                nrfx_pwm_simple_playback
 .text.nrfx_pwm_is_stopped
                0x00000000000048b4       0x28 modules/hal_nordic/nrfx/libmodules__hal_nordic__nrfx.a(nrfx_pwm.c.obj)
                0x00000000000048b4                nrfx_pwm_is_stopped
 .text._DoInit  0x00000000000048dc       0x60 modules/segger/libmodules__segger.a(SEGGER_RTT.c.obj)
 .text.SEGGER_RTT_WriteSkipNoLock
                0x000000000000493c       0x98 modules/segger/libmodules__segger.a(SEGGER_RTT.c.obj)
                0x000000000000493c                SEGGER_RTT_WriteSkipNoLock
 .text.SEGGER_RTT_HasDataUp
                0x00000000000049d4       0x14 modules/segger/libmodules__segger.a(SEGGER_RTT.c.obj)
                0x00000000000049d4                SEGGER_RTT_HasDataUp
 .text.z_sys_init_run_level
                0x00000000000049e8       0x40 zephyr/kernel/libkernel.a(device.c.obj)
                0x00000000000049e8                z_sys_init_run_level
 .text.z_fatal_error
                0x0000000000004a28       0xc8 zephyr/kernel/libkernel.a(fatal.c.obj)
                0x0000000000004a28                z_fatal_error
 .text.bg_thread_main
                0x0000000000004af0       0x34 zephyr/kernel/libkernel.a(init.c.obj)
 .text.z_bss_zero
                0x0000000000004b24       0x18 zephyr/kernel/libkernel.a(init.c.obj)
                0x0000000000004b24                z_bss_zero
 .text.z_init_cpu
                0x0000000000004b3c       0x70 zephyr/kernel/libkernel.a(init.c.obj)
                0x0000000000004b3c                z_init_cpu
 .text.z_cstart
                0x0000000000004bac       0xd8 zephyr/kernel/libkernel.a(init.c.obj)
                0x0000000000004bac                z_cstart
 .text.init_mem_slab_module
                0x0000000000004c84       0x44 zephyr/kernel/libkernel.a(mem_slab.c.obj)
 .text.k_mem_slab_alloc
                0x0000000000004cc8       0x5c zephyr/kernel/libkernel.a(mem_slab.c.obj)
                0x0000000000004cc8                k_mem_slab_alloc
 .text.z_setup_new_thread
                0x0000000000004d24       0x64 zephyr/kernel/libkernel.a(thread.c.obj)
                0x0000000000004d24                z_setup_new_thread
 .text.z_init_static_threads
                0x0000000000004d88       0xb8 zephyr/kernel/libkernel.a(thread.c.obj)
                0x0000000000004d88                z_init_static_threads
 .text.idle     0x0000000000004e40       0x38 zephyr/kernel/libkernel.a(idle.c.obj)
                0x0000000000004e40                idle
 .text.z_impl_k_mutex_lock
                0x0000000000004e78       0xf0 zephyr/kernel/libkernel.a(mutex.c.obj)
                0x0000000000004e78                z_impl_k_mutex_lock
 .text.z_impl_k_mutex_unlock
                0x0000000000004f68       0x84 zephyr/kernel/libkernel.a(mutex.c.obj)
                0x0000000000004f68                z_impl_k_mutex_unlock
 .text.z_impl_k_sem_give
                0x0000000000004fec       0x40 zephyr/kernel/libkernel.a(sem.c.obj)
                0x0000000000004fec                z_impl_k_sem_give
 .text.z_impl_k_sem_take
                0x000000000000502c       0x50 zephyr/kernel/libkernel.a(sem.c.obj)
                0x000000000000502c                z_impl_k_sem_take
 .text.z_reset_time_slice
                0x000000000000507c       0x28 zephyr/kernel/libkernel.a(sched.c.obj)
                0x000000000000507c                z_reset_time_slice
 .text.k_sched_time_slice_set
                0x00000000000050a4       0x64 zephyr/kernel/libkernel.a(sched.c.obj)
                0x00000000000050a4                k_sched_time_slice_set
 .text.z_reschedule
                0x0000000000005108       0x24 zephyr/kernel/libkernel.a(sched.c.obj)
                0x0000000000005108                z_reschedule
 .text.k_sched_lock
                0x000000000000512c       0x28 zephyr/kernel/libkernel.a(sched.c.obj)
                0x000000000000512c                k_sched_lock
 .text.update_cache
                0x0000000000005154       0x40 zephyr/kernel/libkernel.a(sched.c.obj)
 .text.move_thread_to_end_of_prio_q
                0x0000000000005194       0x74 zephyr/kernel/libkernel.a(sched.c.obj)
 .text.z_time_slice
                0x0000000000005208       0x84 zephyr/kernel/libkernel.a(sched.c.obj)
                0x0000000000005208                z_time_slice
 .text.ready_thread
                0x000000000000528c       0x6c zephyr/kernel/libkernel.a(sched.c.obj)
 .text.z_sched_start
                0x00000000000052f8       0x3c zephyr/kernel/libkernel.a(sched.c.obj)
                0x00000000000052f8                z_sched_start
 .text.unready_thread
                0x0000000000005334       0x30 zephyr/kernel/libkernel.a(sched.c.obj)
 .text.pend     0x0000000000005364       0x4c zephyr/kernel/libkernel.a(sched.c.obj)
 .text.z_pend_curr
                0x00000000000053b0       0x28 zephyr/kernel/libkernel.a(sched.c.obj)
                0x00000000000053b0                z_pend_curr
 .text.z_set_prio
                0x00000000000053d8       0x90 zephyr/kernel/libkernel.a(sched.c.obj)
                0x00000000000053d8                z_set_prio
 .text.z_impl_k_thread_suspend
                0x0000000000005468       0x64 zephyr/kernel/libkernel.a(sched.c.obj)
                0x0000000000005468                z_impl_k_thread_suspend
 .text.k_sched_unlock
                0x00000000000054cc       0x38 zephyr/kernel/libkernel.a(sched.c.obj)
                0x00000000000054cc                k_sched_unlock
 .text.z_sched_init
                0x0000000000005504       0x18 zephyr/kernel/libkernel.a(sched.c.obj)
                0x0000000000005504                z_sched_init
 .text.z_impl_k_yield
                0x000000000000551c       0x80 zephyr/kernel/libkernel.a(sched.c.obj)
                0x000000000000551c                z_impl_k_yield
 .text.z_tick_sleep
                0x000000000000559c       0x90 zephyr/kernel/libkernel.a(sched.c.obj)
 .text.z_impl_k_sleep
                0x000000000000562c       0x34 zephyr/kernel/libkernel.a(sched.c.obj)
                0x000000000000562c                z_impl_k_sleep
 .text.z_impl_z_current_get
                0x0000000000005660        0xc zephyr/kernel/libkernel.a(sched.c.obj)
                0x0000000000005660                z_impl_z_current_get
 .text.z_thread_abort
                0x000000000000566c       0xa4 zephyr/kernel/libkernel.a(sched.c.obj)
                0x000000000000566c                z_thread_abort
 .text.z_data_copy
                0x0000000000005710       0x34 zephyr/kernel/libkernel.a(xip.c.obj)
                0x0000000000005710                z_data_copy
 .text.elapsed  0x0000000000005744       0x14 zephyr/kernel/libkernel.a(timeout.c.obj)
 .text.next_timeout
                0x0000000000005758       0x4c zephyr/kernel/libkernel.a(timeout.c.obj)
 .text.remove_timeout
                0x00000000000057a4       0x34 zephyr/kernel/libkernel.a(timeout.c.obj)
 .text.z_add_timeout
                0x00000000000057d8       0xf4 zephyr/kernel/libkernel.a(timeout.c.obj)
                0x00000000000057d8                z_add_timeout
 .text.sys_clock_announce
                0x00000000000058cc       0xb8 zephyr/kernel/libkernel.a(timeout.c.obj)
                0x00000000000058cc                sys_clock_announce
 .text.sys_clock_tick_get
                0x0000000000005984       0x30 zephyr/kernel/libkernel.a(timeout.c.obj)
                0x0000000000005984                sys_clock_tick_get
 .text.boot_banner
                0x00000000000059b4       0x18 zephyr/kernel/libkernel.a(banner.c.obj)
                0x00000000000059b4                boot_banner
 .text.nrf_cc3xx_platform_init_no_rng
                0x00000000000059cc       0x38 /home/rt/ncs/nrfxlib/crypto/nrf_cc310_platform/lib/cortex-m4/soft-float/no-interrupts/libnrf_cc310_platform_0.9.14.a(nrf_cc3xx_platform.c.obj)
                0x00000000000059cc                nrf_cc3xx_platform_init_no_rng
 .text.nrf_cc3xx_platform_abort
                0x0000000000005a04       0x24 /home/rt/ncs/nrfxlib/crypto/nrf_cc310_platform/lib/cortex-m4/soft-float/no-interrupts/libnrf_cc310_platform_0.9.14.a(nrf_cc3xx_platform_abort.c.obj)
 .text.CC_PalAbort
                0x0000000000005a28       0x34 /home/rt/ncs/nrfxlib/crypto/nrf_cc310_platform/lib/cortex-m4/soft-float/no-interrupts/libnrf_cc310_platform_0.9.14.a(nrf_cc3xx_platform_abort.c.obj)
                0x0000000000005a28                CC_PalAbort
 .text.nrf_cc3xx_platform_set_abort
                0x0000000000005a5c       0x10 /home/rt/ncs/nrfxlib/crypto/nrf_cc310_platform/lib/cortex-m4/soft-float/no-interrupts/libnrf_cc310_platform_0.9.14.a(nrf_cc3xx_platform_abort.c.obj)
                0x0000000000005a5c                nrf_cc3xx_platform_set_abort
 .text.mutex_free
                0x0000000000005a6c       0x28 /home/rt/ncs/nrfxlib/crypto/nrf_cc310_platform/lib/cortex-m4/soft-float/no-interrupts/libnrf_cc310_platform_0.9.14.a(nrf_cc3xx_platform_mutex.c.obj)
 .text.mutex_lock
                0x0000000000005a94       0x40 /home/rt/ncs/nrfxlib/crypto/nrf_cc310_platform/lib/cortex-m4/soft-float/no-interrupts/libnrf_cc310_platform_0.9.14.a(nrf_cc3xx_platform_mutex.c.obj)
 .text.mutex_unlock
                0x0000000000005ad4       0x2c /home/rt/ncs/nrfxlib/crypto/nrf_cc310_platform/lib/cortex-m4/soft-float/no-interrupts/libnrf_cc310_platform_0.9.14.a(nrf_cc3xx_platform_mutex.c.obj)
 .text.mutex_init
                0x0000000000005b00       0x1c /home/rt/ncs/nrfxlib/crypto/nrf_cc310_platform/lib/cortex-m4/soft-float/no-interrupts/libnrf_cc310_platform_0.9.14.a(nrf_cc3xx_platform_mutex.c.obj)
 .text.nrf_cc3xx_platform_set_mutexes
                0x0000000000005b1c       0x60 /home/rt/ncs/nrfxlib/crypto/nrf_cc310_platform/lib/cortex-m4/soft-float/no-interrupts/libnrf_cc310_platform_0.9.14.a(nrf_cc3xx_platform_mutex.c.obj)
                0x0000000000005b1c                nrf_cc3xx_platform_set_mutexes
 .text.CC_LibInitNoRng
                0x0000000000005b7c       0x64 /home/rt/ncs/nrfxlib/crypto/nrf_cc310_platform/lib/cortex-m4/soft-float/no-interrupts/libnrf_cc310_platform_0.9.14.a(cc_lib.c.obj)
                0x0000000000005b7c                CC_LibInitNoRng
 .text.CC_HalInit
                0x0000000000005be0        0x4 /home/rt/ncs/nrfxlib/crypto/nrf_cc310_platform/lib/cortex-m4/soft-float/no-interrupts/libnrf_cc310_platform_0.9.14.a(cc_hal.c.obj)
                0x0000000000005be0                CC_HalInit
 .text.CC_HalTerminate
                0x0000000000005be4        0x4 /home/rt/ncs/nrfxlib/crypto/nrf_cc310_platform/lib/cortex-m4/soft-float/no-interrupts/libnrf_cc310_platform_0.9.14.a(cc_hal.c.obj)
                0x0000000000005be4                CC_HalTerminate
 .text.CC_HalMaskInterrupt
                0x0000000000005be8        0xc /home/rt/ncs/nrfxlib/crypto/nrf_cc310_platform/lib/cortex-m4/soft-float/no-interrupts/libnrf_cc310_platform_0.9.14.a(cc_hal.c.obj)
                0x0000000000005be8                CC_HalMaskInterrupt
 .text.CC_PalInit
                0x0000000000005bf4       0x5c /home/rt/ncs/nrfxlib/crypto/nrf_cc310_platform/lib/cortex-m4/soft-float/no-interrupts/libnrf_cc310_platform_0.9.14.a(cc_pal.c.obj)
                0x0000000000005bf4                CC_PalInit
 .text.CC_PalTerminate
                0x0000000000005c50       0x34 /home/rt/ncs/nrfxlib/crypto/nrf_cc310_platform/lib/cortex-m4/soft-float/no-interrupts/libnrf_cc310_platform_0.9.14.a(cc_pal.c.obj)
                0x0000000000005c50                CC_PalTerminate
 .text.CC_PalDmaInit
                0x0000000000005c84        0x4 /home/rt/ncs/nrfxlib/crypto/nrf_cc310_platform/lib/cortex-m4/soft-float/no-interrupts/libnrf_cc310_platform_0.9.14.a(cc_pal_dma.c.obj)
                0x0000000000005c84                CC_PalDmaInit
 .text.CC_PalDmaTerminate
                0x0000000000005c88        0x4 /home/rt/ncs/nrfxlib/crypto/nrf_cc310_platform/lib/cortex-m4/soft-float/no-interrupts/libnrf_cc310_platform_0.9.14.a(cc_pal_dma.c.obj)
                0x0000000000005c88                CC_PalDmaTerminate
 .text.CC_PalMutexCreate
                0x0000000000005c8c       0x14 /home/rt/ncs/nrfxlib/crypto/nrf_cc310_platform/lib/cortex-m4/soft-float/no-interrupts/libnrf_cc310_platform_0.9.14.a(cc_pal_mutex.c.obj)
                0x0000000000005c8c                CC_PalMutexCreate
 .text.CC_PalMutexDestroy
                0x0000000000005ca0       0x14 /home/rt/ncs/nrfxlib/crypto/nrf_cc310_platform/lib/cortex-m4/soft-float/no-interrupts/libnrf_cc310_platform_0.9.14.a(cc_pal_mutex.c.obj)
                0x0000000000005ca0                CC_PalMutexDestroy
 .text.CC_PalPowerSaveModeInit
                0x0000000000005cb4       0x3c /home/rt/ncs/nrfxlib/crypto/nrf_cc310_platform/lib/cortex-m4/soft-float/no-interrupts/libnrf_cc310_platform_0.9.14.a(cc_pal_pm.c.obj)
                0x0000000000005cb4                CC_PalPowerSaveModeInit
 .text.CC_PalPowerSaveModeSelect
                0x0000000000005cf0       0x88 /home/rt/ncs/nrfxlib/crypto/nrf_cc310_platform/lib/cortex-m4/soft-float/no-interrupts/libnrf_cc310_platform_0.9.14.a(cc_pal_pm.c.obj)
                0x0000000000005cf0                CC_PalPowerSaveModeSelect
 .text._OffsetAbsSyms
                0x0000000000005d78        0x2 zephyr/CMakeFiles/offsets.dir/./arch/arm/core/offsets/offsets.c.obj
                0x0000000000005d78                _OffsetAbsSyms
 .text.gpio_pin_configure_dt
                0x0000000000005d7a       0x3e app/libapp.a(main.c.obj)
 .text.cbpprintf_external
                0x0000000000005db8       0x5a zephyr/libzephyr.a(cbprintf_packaged.c.obj)
                0x0000000000005db8                cbpprintf_external
 .text.sys_notify_validate
                0x0000000000005e12       0x22 zephyr/libzephyr.a(notify.c.obj)
                0x0000000000005e12                sys_notify_validate
 .text.sys_notify_finalize
                0x0000000000005e34       0x1a zephyr/libzephyr.a(notify.c.obj)
                0x0000000000005e34                sys_notify_finalize
 .text.arch_printk_char_out
                0x0000000000005e4e        0x4 zephyr/libzephyr.a(printk.c.obj)
                0x0000000000005e4e                arch_printk_char_out
 .text.printk   0x0000000000005e52       0x1a zephyr/libzephyr.a(printk.c.obj)
                0x0000000000005e52                printk
 .text.process_recheck
                0x0000000000005e6c       0x38 zephyr/libzephyr.a(onoff.c.obj)
 .text.notify_one
                0x0000000000005ea4       0x2c zephyr/libzephyr.a(onoff.c.obj)
 .text.transition_complete
                0x0000000000005ed0       0x1c zephyr/libzephyr.a(onoff.c.obj)
 .text.validate_args
                0x0000000000005eec       0x1e zephyr/libzephyr.a(onoff.c.obj)
 .text.onoff_manager_init
                0x0000000000005f0a       0x26 zephyr/libzephyr.a(onoff.c.obj)
                0x0000000000005f0a                onoff_manager_init
 .text.onoff_request
                0x0000000000005f30       0x92 zephyr/libzephyr.a(onoff.c.obj)
                0x0000000000005f30                onoff_request
 .text.z_thread_entry
                0x0000000000005fc2       0x14 zephyr/libzephyr.a(thread_entry.c.obj)
                0x0000000000005fc2                z_thread_entry
 .text.encode_uint
                0x0000000000005fd6       0x8c zephyr/libzephyr.a(cbprintf_complete.c.obj)
 .text.outs     0x0000000000006062       0x2c zephyr/libzephyr.a(cbprintf_complete.c.obj)
 .text._ConfigAbsSyms
                0x000000000000608e        0x2 zephyr/libzephyr.a(configs.c.obj)
                0x000000000000608e                _ConfigAbsSyms
 .text.default_get_timestamp
                0x0000000000006090        0x4 zephyr/libzephyr.a(log_core.c.obj)
 .text.dummy_timestamp
                0x0000000000006094        0x4 zephyr/libzephyr.a(log_core.c.obj)
 .text.z_log_vprintk
                0x0000000000006098       0x1c zephyr/libzephyr.a(log_core.c.obj)
                0x0000000000006098                z_log_vprintk
 .text.enable_logger
                0x00000000000060b4        0xa zephyr/libzephyr.a(log_core.c.obj)
 .text.z_log_get_tag
                0x00000000000060be        0x4 zephyr/libzephyr.a(log_core.c.obj)
                0x00000000000060be                z_log_get_tag
 .text.out_func
                0x00000000000060c2       0x1c zephyr/libzephyr.a(log_output.c.obj)
 .text.cr_out_func
                0x00000000000060de       0x1a zephyr/libzephyr.a(log_output.c.obj)
 .text.buffer_write
                0x00000000000060f8       0x1a zephyr/libzephyr.a(log_output.c.obj)
 .text.log_output_flush
                0x0000000000006112       0x1a zephyr/libzephyr.a(log_output.c.obj)
                0x0000000000006112                log_output_flush
 .text.z_log_msg2_finalize
                0x000000000000612c       0x36 zephyr/libzephyr.a(log_msg2.c.obj)
                0x000000000000612c                z_log_msg2_finalize
 .text.abort_function
                0x0000000000006162        0x8 zephyr/libzephyr.a(nrf_cc3xx_platform_abort_zephyr.c.obj)
 .text.z_log_msg2_runtime_create.constprop.0
                0x000000000000616a       0x20 zephyr/arch/arch/arm/core/aarch32/libarch__arm__core__aarch32.a(fatal.c.obj)
 .text.z_do_kernel_oops
                0x000000000000618a        0x8 zephyr/arch/arch/arm/core/aarch32/libarch__arm__core__aarch32.a(fatal.c.obj)
                0x000000000000618a                z_do_kernel_oops
 .text.z_irq_spurious
                0x0000000000006192        0x8 zephyr/arch/arch/arm/core/aarch32/libarch__arm__core__aarch32.a(irq_manage.c.obj)
                0x0000000000006192                z_irq_spurious
 .text.z_arm_nmi
                0x000000000000619a        0xe zephyr/arch/arch/arm/core/aarch32/libarch__arm__core__aarch32.a(nmi.c.obj)
                0x000000000000619a                z_arm_nmi
 .text.z_log_msg2_runtime_create.constprop.0
                0x00000000000061a8       0x20 zephyr/arch/arch/arm/core/aarch32/cortex_m/libarch__arm__core__aarch32__cortex_m.a(fault.c.obj)
 .text.z_log_msg2_runtime_create.constprop.0
                0x00000000000061c8       0x20 zephyr/arch/arch/arm/core/aarch32/mpu/libarch__arm__core__aarch32__mpu.a(arm_mpu.c.obj)
 .text.strcpy   0x00000000000061e8       0x14 zephyr/lib/libc/minimal/liblib__libc__minimal.a(string.c.obj)
                0x00000000000061e8                strcpy
 .text.strlen   0x00000000000061fc        0xe zephyr/lib/libc/minimal/liblib__libc__minimal.a(string.c.obj)
                0x00000000000061fc                strlen
 .text.strnlen  0x000000000000620a       0x12 zephyr/lib/libc/minimal/liblib__libc__minimal.a(string.c.obj)
                0x000000000000620a                strnlen
 .text.memcpy   0x000000000000621c       0x16 zephyr/lib/libc/minimal/liblib__libc__minimal.a(string.c.obj)
                0x000000000000621c                memcpy
 .text.memset   0x0000000000006232       0x12 zephyr/lib/libc/minimal/liblib__libc__minimal.a(string.c.obj)
                0x0000000000006232                memset
 .text._stdout_hook_default
                0x0000000000006244        0x6 zephyr/lib/libc/minimal/liblib__libc__minimal.a(stdout_console.c.obj)
 .text.pm_state_set
                0x000000000000624a       0x18 zephyr/soc/arm/nordic_nrf/nrf52/libsoc__arm__nordic_nrf__nrf52.a(power.c.obj)
                0x000000000000624a                pm_state_set
 .text.pm_state_exit_post_ops
                0x0000000000006262        0xc zephyr/soc/arm/nordic_nrf/nrf52/libsoc__arm__nordic_nrf__nrf52.a(power.c.obj)
                0x0000000000006262                pm_state_exit_post_ops
 .text.get_status
                0x000000000000626e       0x12 zephyr/drivers/clock_control/libdrivers__clock_control.a(clock_control_nrf.c.obj)
 .text.set_on_state
                0x0000000000006280       0x26 zephyr/drivers/clock_control/libdrivers__clock_control.a(clock_control_nrf.c.obj)
 .text.stop     0x00000000000062a6       0x54 zephyr/drivers/clock_control/libdrivers__clock_control.a(clock_control_nrf.c.obj)
 .text.api_stop
                0x00000000000062fa        0x6 zephyr/drivers/clock_control/libdrivers__clock_control.a(clock_control_nrf.c.obj)
 .text.async_start
                0x0000000000006300       0x60 zephyr/drivers/clock_control/libdrivers__clock_control.a(clock_control_nrf.c.obj)
 .text.api_start
                0x0000000000006360        0xe zephyr/drivers/clock_control/libdrivers__clock_control.a(clock_control_nrf.c.obj)
 .text.onoff_started_callback
                0x000000000000636e       0x12 zephyr/drivers/clock_control/libdrivers__clock_control.a(clock_control_nrf.c.obj)
 .text.lfclk_start
                0x0000000000006380        0x6 zephyr/drivers/clock_control/libdrivers__clock_control.a(clock_control_nrf.c.obj)
 .text.lfclk_stop
                0x0000000000006386        0x6 zephyr/drivers/clock_control/libdrivers__clock_control.a(clock_control_nrf.c.obj)
 .text.blocking_start_callback
                0x000000000000638c        0x6 zephyr/drivers/clock_control/libdrivers__clock_control.a(clock_control_nrf.c.obj)
 .text.gpio_nrfx_port_get_raw
                0x0000000000006392        0xe zephyr/drivers/gpio/libdrivers__gpio.a(gpio_nrfx.c.obj)
 .text.gpio_nrfx_port_set_masked_raw
                0x00000000000063a0       0x16 zephyr/drivers/gpio/libdrivers__gpio.a(gpio_nrfx.c.obj)
 .text.gpio_nrfx_port_set_bits_raw
                0x00000000000063b6        0xc zephyr/drivers/gpio/libdrivers__gpio.a(gpio_nrfx.c.obj)
 .text.gpio_nrfx_port_clear_bits_raw
                0x00000000000063c2        0xc zephyr/drivers/gpio/libdrivers__gpio.a(gpio_nrfx.c.obj)
 .text.gpio_nrfx_port_toggle_bits
                0x00000000000063ce       0x12 zephyr/drivers/gpio/libdrivers__gpio.a(gpio_nrfx.c.obj)
 .text.gpio_nrfx_manage_callback
                0x00000000000063e0       0x54 zephyr/drivers/gpio/libdrivers__gpio.a(gpio_nrfx.c.obj)
 .text.pwm_channel_is_active
                0x0000000000006434       0x18 zephyr/drivers/pwm/libdrivers__pwm.a(pwm_nrfx.c.obj)
 .text.z_log_msg2_runtime_create.constprop.0
                0x000000000000644c       0x20 zephyr/drivers/pwm/libdrivers__pwm.a(pwm_nrfx.c.obj)
 .text.uarte_nrfx_config_get
                0x000000000000646c       0x10 zephyr/drivers/serial/libdrivers__serial.a(uart_nrfx_uarte.c.obj)
 .text.uarte_nrfx_err_check
                0x000000000000647c        0xe zephyr/drivers/serial/libdrivers__serial.a(uart_nrfx_uarte.c.obj)
 .text.uarte_nrfx_poll_in
                0x000000000000648a       0x26 zephyr/drivers/serial/libdrivers__serial.a(uart_nrfx_uarte.c.obj)
 .text.is_tx_ready.isra.0
                0x00000000000064b0       0x20 zephyr/drivers/serial/libdrivers__serial.a(uart_nrfx_uarte.c.obj)
 .text.uarte_nrfx_isr_int
                0x00000000000064d0       0x72 zephyr/drivers/serial/libdrivers__serial.a(uart_nrfx_uarte.c.obj)
 .text.uarte_1_init
                0x0000000000006542       0x1e zephyr/drivers/serial/libdrivers__serial.a(uart_nrfx_uarte.c.obj)
 .text.uarte_0_init
                0x0000000000006560       0x1e zephyr/drivers/serial/libdrivers__serial.a(uart_nrfx_uarte.c.obj)
 .text.sys_clock_idle_exit
                0x000000000000657e        0x2 zephyr/drivers/timer/libdrivers__timer.a(sys_clock_init.c.obj)
                0x000000000000657e                sys_clock_idle_exit
 .text.sys_clock_cycle_get_32
                0x0000000000006580        0x8 zephyr/drivers/timer/libdrivers__timer.a(nrf_rtc_timer.c.obj)
                0x0000000000006580                sys_clock_cycle_get_32
 .text.pinctrl_lookup_state
                0x0000000000006588       0x30 zephyr/drivers/pinctrl/libdrivers__pinctrl.a(common.c.obj)
                0x0000000000006588                pinctrl_lookup_state
 .text.nrf_gpio_pin_write
                0x00000000000065b8        0xa zephyr/drivers/pinctrl/libdrivers__pinctrl.a(pinctrl_nrf.c.obj)
 .text.pinctrl_configure_pins
                0x00000000000065c2      0x13e zephyr/drivers/pinctrl/libdrivers__pinctrl.a(pinctrl_nrf.c.obj)
                0x00000000000065c2                pinctrl_configure_pins
 .text.hw_cc3xx_init_internal
                0x0000000000006700        0x4 modules/nrf/drivers/hw_cc310/lib..__nrf__drivers__hw_cc310.a(hw_cc310.c.obj)
 .text.hw_cc3xx_init
                0x0000000000006704       0x12 modules/nrf/drivers/hw_cc310/lib..__nrf__drivers__hw_cc310.a(hw_cc310.c.obj)
 .text.nrf52_errata_36
                0x0000000000006716       0x12 modules/hal_nordic/nrfx/libmodules__hal_nordic__nrfx.a(system_nrf52840.c.obj)
 .text.nrfx_isr
                0x0000000000006728        0x2 modules/hal_nordic/nrfx/libmodules__hal_nordic__nrfx.a(nrfx_glue.c.obj)
                0x0000000000006728                nrfx_isr
 .text.nrfx_busy_wait
                0x000000000000672a        0x4 modules/hal_nordic/nrfx/libmodules__hal_nordic__nrfx.a(nrfx_glue.c.obj)
                0x000000000000672a                nrfx_busy_wait
 .text.nrfx_clock_enable
                0x000000000000672e       0x1a modules/hal_nordic/nrfx/libmodules__hal_nordic__nrfx.a(nrfx_clock.c.obj)
                0x000000000000672e                nrfx_clock_enable
 .text.nrfx_clock_start
                0x0000000000006748       0x7a modules/hal_nordic/nrfx/libmodules__hal_nordic__nrfx.a(nrfx_clock.c.obj)
                0x0000000000006748                nrfx_clock_start
 .text.nrfx_clock_stop
                0x00000000000067c2        0x4 modules/hal_nordic/nrfx/libmodules__hal_nordic__nrfx.a(nrfx_clock.c.obj)
                0x00000000000067c2                nrfx_clock_stop
 .text.nrf_gpio_reconfigure
                0x00000000000067c6       0x8e modules/hal_nordic/nrfx/libmodules__hal_nordic__nrfx.a(nrfx_gpiote.c.obj)
 .text.nrf_gpio_cfg_sense_set
                0x0000000000006854       0x1e modules/hal_nordic/nrfx/libmodules__hal_nordic__nrfx.a(nrfx_gpiote.c.obj)
 .text.start_playback.isra.0
                0x0000000000006872       0x46 modules/hal_nordic/nrfx/libmodules__hal_nordic__nrfx.a(nrfx_pwm.c.obj)
 .text.nrfx_pwm_stop
                0x00000000000068b8       0x2c modules/hal_nordic/nrfx/libmodules__hal_nordic__nrfx.a(nrfx_pwm.c.obj)
                0x00000000000068b8                nrfx_pwm_stop
 .text.SEGGER_RTT_Init
                0x00000000000068e4        0x4 modules/segger/libmodules__segger.a(SEGGER_RTT.c.obj)
                0x00000000000068e4                SEGGER_RTT_Init
 .text.rtt_init
                0x00000000000068e8        0xa modules/segger/libmodules__segger.a(SEGGER_RTT_zephyr.c.obj)
 .text.z_device_state_init
                0x00000000000068f2        0x2 zephyr/kernel/libkernel.a(device.c.obj)
                0x00000000000068f2                z_device_state_init
 .text.z_device_is_ready
                0x00000000000068f4       0x14 zephyr/kernel/libkernel.a(device.c.obj)
                0x00000000000068f4                z_device_is_ready
 .text.z_log_msg2_runtime_create.constprop.0
                0x0000000000006908       0x20 zephyr/kernel/libkernel.a(fatal.c.obj)
 .text.z_early_memset
                0x0000000000006928        0x4 zephyr/kernel/libkernel.a(init.c.obj)
                0x0000000000006928                z_early_memset
 .text.z_early_memcpy
                0x000000000000692c        0x4 zephyr/kernel/libkernel.a(init.c.obj)
                0x000000000000692c                z_early_memcpy
 .text.k_mem_slab_init
                0x0000000000006930       0x36 zephyr/kernel/libkernel.a(mem_slab.c.obj)
                0x0000000000006930                k_mem_slab_init
 .text.k_mem_slab_free
                0x0000000000006966       0x52 zephyr/kernel/libkernel.a(mem_slab.c.obj)
                0x0000000000006966                k_mem_slab_free
 .text.k_is_in_isr
                0x00000000000069b8        0xc zephyr/kernel/libkernel.a(thread.c.obj)
                0x00000000000069b8                k_is_in_isr
 .text.k_thread_name_get
                0x00000000000069c4        0x4 zephyr/kernel/libkernel.a(thread.c.obj)
                0x00000000000069c4                k_thread_name_get
 .text.z_pm_save_idle_exit
                0x00000000000069c8        0xe zephyr/kernel/libkernel.a(idle.c.obj)
                0x00000000000069c8                z_pm_save_idle_exit
 .text.adjust_owner_prio.isra.0
                0x00000000000069d6       0x10 zephyr/kernel/libkernel.a(mutex.c.obj)
 .text.z_impl_k_mutex_init
                0x00000000000069e6        0xe zephyr/kernel/libkernel.a(mutex.c.obj)
                0x00000000000069e6                z_impl_k_mutex_init
 .text.sys_dlist_remove
                0x00000000000069f4       0x10 zephyr/kernel/libkernel.a(sched.c.obj)
 .text.unpend_thread_no_timeout
                0x0000000000006a04       0x14 zephyr/kernel/libkernel.a(sched.c.obj)
 .text.z_reschedule_irqlock
                0x0000000000006a18       0x18 zephyr/kernel/libkernel.a(sched.c.obj)
                0x0000000000006a18                z_reschedule_irqlock
 .text.z_reschedule_unlocked
                0x0000000000006a30       0x14 zephyr/kernel/libkernel.a(sched.c.obj)
 .text.z_priq_dumb_best
                0x0000000000006a44        0xc zephyr/kernel/libkernel.a(sched.c.obj)
                0x0000000000006a44                z_priq_dumb_best
 .text.z_ready_thread
                0x0000000000006a50       0x20 zephyr/kernel/libkernel.a(sched.c.obj)
                0x0000000000006a50                z_ready_thread
 .text.z_thread_timeout
                0x0000000000006a70       0x44 zephyr/kernel/libkernel.a(sched.c.obj)
                0x0000000000006a70                z_thread_timeout
 .text.add_to_waitq_locked
                0x0000000000006ab4       0x54 zephyr/kernel/libkernel.a(sched.c.obj)
 .text.z_unpend_first_thread
                0x0000000000006b08       0x30 zephyr/kernel/libkernel.a(sched.c.obj)
                0x0000000000006b08                z_unpend_first_thread
 .text.z_abort_timeout
                0x0000000000006b38       0x2c zephyr/kernel/libkernel.a(timeout.c.obj)
                0x0000000000006b38                z_abort_timeout
 .text.z_get_next_timeout_expiry
                0x0000000000006b64       0x20 zephyr/kernel/libkernel.a(timeout.c.obj)
                0x0000000000006b64                z_get_next_timeout_expiry
 .text.z_set_timeout_expiry
                0x0000000000006b84       0x34 zephyr/kernel/libkernel.a(timeout.c.obj)
                0x0000000000006b84                z_set_timeout_expiry
 .text.sys_clock_tick_get_32
                0x0000000000006bb8        0x8 zephyr/kernel/libkernel.a(timeout.c.obj)
                0x0000000000006bb8                sys_clock_tick_get_32
 .text.z_impl_k_busy_wait
                0x0000000000006bc0        0x8 zephyr/kernel/libkernel.a(timeout.c.obj)
                0x0000000000006bc0                z_impl_k_busy_wait
 *(SORT_BY_ALIGNMENT(.TEXT.*))
 .TEXT.z_arm_platform_init
                0x0000000000006bc8        0x4 zephyr/libzephyr.a(soc_nrf_common.S.obj)
                0x0000000000006bc8                z_arm_platform_init
 *(SORT_BY_ALIGNMENT(.gnu.linkonce.t.*))
 *(SORT_BY_ALIGNMENT(.glue_7t))
 .glue_7t       0x0000000000006bcc        0x0 linker stubs
 *(SORT_BY_ALIGNMENT(.glue_7))
 .glue_7        0x0000000000006bcc        0x0 linker stubs
 *(SORT_BY_ALIGNMENT(.vfp11_veneer))
 .vfp11_veneer  0x0000000000006bcc        0x0 linker stubs
 *(SORT_BY_ALIGNMENT(.v4_bx))
 .v4_bx         0x0000000000006bcc        0x0 linker stubs
                0x0000000000006bcc                __text_region_end = .

.ARM.exidx      0x0000000000006bcc        0x8
                0x0000000000006bcc                __exidx_start = .
 *(SORT_BY_ALIGNMENT(.ARM.exidx*) SORT_BY_ALIGNMENT(gnu.linkonce.armexidx.*))
 .ARM.exidx     0x0000000000006bcc        0x8 /home/rt/zephyr-sdk-0.14.1/arm-zephyr-eabi/bin/../lib/gcc/arm-zephyr-eabi/10.3.0/thumb/v7e-m/nofp/libgcc.a(_udivmoddi4.o)
                0x0000000000006bd4                __exidx_end = .
                0x0000000000006bd4                __rodata_region_start = .

initlevel       0x0000000000006bd4       0x70
                0x0000000000006bd4                __init_start = .
                0x0000000000006bd4                __init_PRE_KERNEL_1_start = .
 *(SORT_BY_NAME(SORT_BY_ALIGNMENT(.z_init_PRE_KERNEL_1[0-9]_*)))
 .z_init_PRE_KERNEL_10_
                0x0000000000006bd4        0x8 zephyr/soc/arm/nordic_nrf/nrf52/libsoc__arm__nordic_nrf__nrf52.a(soc.c.obj)
 *(SORT_BY_NAME(SORT_BY_ALIGNMENT(.z_init_PRE_KERNEL_1[1-9][0-9]_*)))
 .z_init_PRE_KERNEL_130_
                0x0000000000006bdc        0x8 zephyr/drivers/clock_control/libdrivers__clock_control.a(clock_control_nrf.c.obj)
 .z_init_PRE_KERNEL_130_
                0x0000000000006be4        0x8 modules/segger/libmodules__segger.a(SEGGER_RTT_zephyr.c.obj)
 .z_init_PRE_KERNEL_130_
                0x0000000000006bec        0x8 zephyr/kernel/libkernel.a(mem_slab.c.obj)
 .z_init_PRE_KERNEL_140_
                0x0000000000006bf4       0x10 zephyr/drivers/gpio/libdrivers__gpio.a(gpio_nrfx.c.obj)
 .z_init_PRE_KERNEL_140_
                0x0000000000006c04        0x8 modules/nrf/drivers/hw_cc310/lib..__nrf__drivers__hw_cc310.a(hw_cc310.c.obj)
 .z_init_PRE_KERNEL_155_
                0x0000000000006c0c       0x10 zephyr/drivers/serial/libdrivers__serial.a(uart_nrfx_uarte.c.obj)
 .z_init_PRE_KERNEL_160_
                0x0000000000006c1c        0x8 zephyr/drivers/console/libdrivers__console.a(uart_console.c.obj)
                0x0000000000006c24                __init_PRE_KERNEL_2_start = .
 *(SORT_BY_NAME(SORT_BY_ALIGNMENT(.z_init_PRE_KERNEL_2[0-9]_*)))
 .z_init_PRE_KERNEL_20_
                0x0000000000006c24        0x8 zephyr/drivers/timer/libdrivers__timer.a(nrf_rtc_timer.c.obj)
 *(SORT_BY_NAME(SORT_BY_ALIGNMENT(.z_init_PRE_KERNEL_2[1-9][0-9]_*)))
                0x0000000000006c2c                __init_POST_KERNEL_start = .
 *(SORT_BY_NAME(SORT_BY_ALIGNMENT(.z_init_POST_KERNEL[0-9]_*)))
 .z_init_POST_KERNEL0_
                0x0000000000006c2c        0x8 zephyr/libzephyr.a(log_core.c.obj)
 *(SORT_BY_NAME(SORT_BY_ALIGNMENT(.z_init_POST_KERNEL[1-9][0-9]_*)))
 .z_init_POST_KERNEL40_
                0x0000000000006c34        0x8 modules/nrf/drivers/hw_cc310/lib..__nrf__drivers__hw_cc310.a(hw_cc310.c.obj)
 .z_init_POST_KERNEL50_
                0x0000000000006c3c        0x8 zephyr/drivers/pwm/libdrivers__pwm.a(pwm_nrfx.c.obj)
                0x0000000000006c44                __init_APPLICATION_start = .
 *(SORT_BY_NAME(SORT_BY_ALIGNMENT(.z_init_APPLICATION[0-9]_*)))
 *(SORT_BY_NAME(SORT_BY_ALIGNMENT(.z_init_APPLICATION[1-9][0-9]_*)))
                0x0000000000006c44                __init_SMP_start = .
 *(SORT_BY_NAME(SORT_BY_ALIGNMENT(.z_init_SMP[0-9]_*)))
 *(SORT_BY_NAME(SORT_BY_ALIGNMENT(.z_init_SMP[1-9][0-9]_*)))
                0x0000000000006c44                __init_end = .

devices         0x0000000000006c44       0x90
                0x0000000000006c44                __device_start = .
                0x0000000000006c44                __device_PRE_KERNEL_1_start = .
 *(SORT_BY_NAME(SORT_BY_ALIGNMENT(.z_device_PRE_KERNEL_1[0-9]_*)))
 *(SORT_BY_NAME(SORT_BY_ALIGNMENT(.z_device_PRE_KERNEL_1[1-9][0-9]_*)))
 .z_device_PRE_KERNEL_130_
                0x0000000000006c44       0x18 zephyr/drivers/clock_control/libdrivers__clock_control.a(clock_control_nrf.c.obj)
                0x0000000000006c44                __device_dts_ord_72
 .z_device_PRE_KERNEL_140_
                0x0000000000006c5c       0x30 zephyr/drivers/gpio/libdrivers__gpio.a(gpio_nrfx.c.obj)
                0x0000000000006c5c                __device_dts_ord_11
                0x0000000000006c74                __device_dts_ord_104
 .z_device_PRE_KERNEL_155_
                0x0000000000006c8c       0x30 zephyr/drivers/serial/libdrivers__serial.a(uart_nrfx_uarte.c.obj)
                0x0000000000006c8c                __device_dts_ord_113
                0x0000000000006ca4                __device_dts_ord_112
                0x0000000000006cbc                __device_PRE_KERNEL_2_start = .
 *(SORT_BY_NAME(SORT_BY_ALIGNMENT(.z_device_PRE_KERNEL_2[0-9]_*)))
 *(SORT_BY_NAME(SORT_BY_ALIGNMENT(.z_device_PRE_KERNEL_2[1-9][0-9]_*)))
                0x0000000000006cbc                __device_POST_KERNEL_start = .
 *(SORT_BY_NAME(SORT_BY_ALIGNMENT(.z_device_POST_KERNEL[0-9]_*)))
 *(SORT_BY_NAME(SORT_BY_ALIGNMENT(.z_device_POST_KERNEL[1-9][0-9]_*)))
 .z_device_POST_KERNEL50_
                0x0000000000006cbc       0x18 zephyr/drivers/pwm/libdrivers__pwm.a(pwm_nrfx.c.obj)
                0x0000000000006cbc                __device_dts_ord_67
                0x0000000000006cd4                __device_APPLICATION_start = .
 *(SORT_BY_NAME(SORT_BY_ALIGNMENT(.z_device_APPLICATION[0-9]_*)))
 *(SORT_BY_NAME(SORT_BY_ALIGNMENT(.z_device_APPLICATION[1-9][0-9]_*)))
                0x0000000000006cd4                __device_SMP_start = .
 *(SORT_BY_NAME(SORT_BY_ALIGNMENT(.z_device_SMP[0-9]_*)))
 *(SORT_BY_NAME(SORT_BY_ALIGNMENT(.z_device_SMP[1-9][0-9]_*)))
                0x0000000000006cd4                __device_end = .

sw_isr_table    0x0000000000006cd4      0x180
                0x0000000000006cd4                . = ALIGN (0x0)
 *(SORT_BY_ALIGNMENT(.gnu.linkonce.sw_isr_table*))
 .gnu.linkonce.sw_isr_table
                0x0000000000006cd4      0x180 zephyr/CMakeFiles/zephyr_final.dir/isr_tables.c.obj
                0x0000000000006cd4                _sw_isr_table

initlevel_error
                0x0000000000006bd4        0x0
 *(SORT_BY_NAME(SORT_BY_ALIGNMENT(.z_init_[_A-Z0-9]*)))
                0x0000000000000001                ASSERT ((SIZEOF (initlevel_error) == 0x0), Undefined initialization levels used.)

app_shmem_regions
                0x0000000000006e54        0x0
                0x0000000000006e54                __app_shmem_regions_start = .
 *(SORT_BY_NAME(SORT_BY_ALIGNMENT(.app_regions.*)))
                0x0000000000006e54                __app_shmem_regions_end = .

bt_l2cap_fixed_chan_area
                0x0000000000006e54        0x0
                0x0000000000006e54                _bt_l2cap_fixed_chan_list_start = .
 *(SORT_BY_NAME(SORT_BY_ALIGNMENT(._bt_l2cap_fixed_chan.static.*)))
                0x0000000000006e54                _bt_l2cap_fixed_chan_list_end = .

bt_gatt_service_static_area
                0x0000000000006e54        0x0
                0x0000000000006e54                _bt_gatt_service_static_list_start = .
 *(SORT_BY_NAME(SORT_BY_ALIGNMENT(._bt_gatt_service_static.static.*)))
                0x0000000000006e54                _bt_gatt_service_static_list_end = .

k_p4wq_initparam_area
                0x0000000000006e54        0x0
                0x0000000000006e54                _k_p4wq_initparam_list_start = .
 *(SORT_BY_NAME(SORT_BY_ALIGNMENT(._k_p4wq_initparam.static.*)))
                0x0000000000006e54                _k_p4wq_initparam_list_end = .

log_strings_sections
                0x0000000000006e54        0x0
                0x0000000000006e54                __log_strings_start = .
 *(SORT_BY_NAME(SORT_BY_ALIGNMENT(.log_strings*)))
                0x0000000000006e54                __log_strings_end = .

log_const_sections
                0x0000000000006e54       0x50
                0x0000000000006e54                __log_const_start = .
 *(SORT_BY_NAME(SORT_BY_ALIGNMENT(.log_const_*)))
 .log_const_clock_control
                0x0000000000006e54        0x8 zephyr/drivers/clock_control/libdrivers__clock_control.a(clock_control_nrf.c.obj)
                0x0000000000006e54                log_const_clock_control
 .log_const_fatal_error
                0x0000000000006e5c        0x8 modules/nrf/lib/fatal_error/lib..__nrf__lib__fatal_error.a(fatal_error.c.obj)
                0x0000000000006e5c                log_const_fatal_error
 .log_const_log
                0x0000000000006e64        0x8 zephyr/libzephyr.a(log_core.c.obj)
                0x0000000000006e64                log_const_log
 .log_const_log_uart
                0x0000000000006e6c        0x8 zephyr/libzephyr.a(log_backend_uart.c.obj)
                0x0000000000006e6c                log_const_log_uart
 .log_const_mpu
                0x0000000000006e74        0x8 zephyr/arch/arch/arm/core/aarch32/mpu/libarch__arm__core__aarch32__mpu.a(arm_core_mpu.c.obj)
                0x0000000000006e74                log_const_mpu
 .log_const_os  0x0000000000006e7c        0x8 zephyr/kernel/libkernel.a(init.c.obj)
                0x0000000000006e7c                log_const_os
 .log_const_pm  0x0000000000006e84        0x8 zephyr/libzephyr.a(pm.c.obj)
                0x0000000000006e84                log_const_pm
 .log_const_pwm_nrfx
                0x0000000000006e8c        0x8 zephyr/drivers/pwm/libdrivers__pwm.a(pwm_nrfx.c.obj)
                0x0000000000006e8c                log_const_pwm_nrfx
 .log_const_soc
                0x0000000000006e94        0x8 zephyr/soc/arm/nordic_nrf/nrf52/libsoc__arm__nordic_nrf__nrf52.a(soc.c.obj)
                0x0000000000006e94                log_const_soc
 .log_const_uart_nrfx_uarte
                0x0000000000006e9c        0x8 zephyr/drivers/serial/libdrivers__serial.a(uart_nrfx_uarte.c.obj)
                0x0000000000006e9c                log_const_uart_nrfx_uarte
                0x0000000000006ea4                __log_const_end = .

log_backends_sections
                0x0000000000006ea4       0x20
                0x0000000000006ea4                __log_backends_start = .
 *(SORT_BY_ALIGNMENT(._log_backend.*))
 ._log_backend.static.log_backend_uart
                0x0000000000006ea4       0x10 zephyr/libzephyr.a(log_backend_uart.c.obj)
 ._log_backend.static.log_backend_rtt
                0x0000000000006eb4       0x10 zephyr/libzephyr.a(log_backend_rtt.c.obj)
                0x0000000000006ec4                __log_backends_end = .

shell_area      0x0000000000006ec4        0x0
                0x0000000000006ec4                _shell_list_start = .
 *(SORT_BY_NAME(SORT_BY_ALIGNMENT(._shell.static.*)))
                0x0000000000006ec4                _shell_list_end = .

shell_root_cmds_sections
                0x0000000000006ec4        0x0
                0x0000000000006ec4                __shell_root_cmds_start = .
 *(SORT_BY_NAME(SORT_BY_ALIGNMENT(.shell_root_cmd_*)))
                0x0000000000006ec4                __shell_root_cmds_end = .

font_entry_sections
                0x0000000000006ec4        0x0
                0x0000000000006ec4                __font_entry_start = .
 *(SORT_BY_NAME(SORT_BY_ALIGNMENT(._cfb_font.*)))
                0x0000000000006ec4                __font_entry_end = .

tracing_backend_area
                0x0000000000006ec4        0x0
                0x0000000000006ec4                _tracing_backend_list_start = .
 *(SORT_BY_NAME(SORT_BY_ALIGNMENT(._tracing_backend.static.*)))
                0x0000000000006ec4                _tracing_backend_list_end = .

zephyr_dbg_info
 *(SORT_BY_ALIGNMENT(.dbg_thread_info))

device_handles  0x0000000000006ec4       0x24
                0x0000000000006ec4                __device_handles_start = .
 *(SORT_BY_NAME(SORT_BY_ALIGNMENT(.__device_handles_pass2*)))
 .__device_handles_pass2
                0x0000000000006ec4       0x24 zephyr/CMakeFiles/zephyr_final.dir/dev_handles.c.obj
                0x0000000000006ec4                __devicehdl_DT_N_S_soc_S_pwm_4001c000
                0x0000000000006eca                __devicehdl_DT_N_S_soc_S_uart_40002000
                0x0000000000006ed0                __devicehdl_DT_N_S_soc_S_uart_40028000
                0x0000000000006ed6                __devicehdl_DT_N_S_soc_S_gpio_50000300
                0x0000000000006edc                __devicehdl_DT_N_S_soc_S_gpio_50000000
                0x0000000000006ee2                __devicehdl_DT_N_S_soc_S_clock_40000000
                0x0000000000006ee8                __device_handles_end = .

rodata          0x0000000000006ef0      0xc28
 *(SORT_BY_ALIGNMENT(.rodata))
 *(SORT_BY_ALIGNMENT(.rodata.*))
 .rodata.delay_machine_code.0
                0x0000000000006ef0        0x6 zephyr/soc/arm/nordic_nrf/nrf52/libsoc__arm__nordic_nrf__nrf52.a(soc.c.obj)
 *fill*         0x0000000000006ef6        0x2 
 .rodata.button
                0x0000000000006ef8        0x8 app/libapp.a(main.c.obj)
 .rodata.led1   0x0000000000006f00        0x8 app/libapp.a(main.c.obj)
 .rodata.format_table
                0x0000000000006f08        0xc zephyr/libzephyr.a(log_core.c.obj)
 .rodata.colors
                0x0000000000006f14       0x14 zephyr/libzephyr.a(log_output.c.obj)
 .rodata.severity
                0x0000000000006f28       0x14 zephyr/libzephyr.a(log_output.c.obj)
 .rodata.log_backend_uart_api
                0x0000000000006f3c       0x20 zephyr/libzephyr.a(log_backend_uart.c.obj)
                0x0000000000006f3c                log_backend_uart_api
 .rodata.log_output_uart
                0x0000000000006f5c       0x10 zephyr/libzephyr.a(log_backend_uart.c.obj)
 .rodata.log_backend_rtt_api
                0x0000000000006f6c       0x20 zephyr/libzephyr.a(log_backend_rtt.c.obj)
                0x0000000000006f6c                log_backend_rtt_api
 .rodata.log_output_rtt
                0x0000000000006f8c       0x10 zephyr/libzephyr.a(log_backend_rtt.c.obj)
 .rodata.pmstates_DT_N_S_cpus_S_cpu_0
                0x0000000000006f9c        0x0 zephyr/libzephyr.a(state.c.obj)
 .rodata.apis   0x0000000000006f9c        0x8 zephyr/libzephyr.a(nrf_cc3xx_platform_abort_zephyr.c.obj)
 .rodata.mutex_apis
                0x0000000000006fa4       0x10 zephyr/libzephyr.a(nrf_cc3xx_platform_mutex_zephyr.c.obj)
 .rodata.mutexes
                0x0000000000006fb4       0x14 zephyr/libzephyr.a(nrf_cc3xx_platform_mutex_zephyr.c.obj)
 .rodata.static_regions
                0x0000000000006fc8        0xc zephyr/arch/arch/arm/core/aarch32/mpu/libarch__arm__core__aarch32__mpu.a(arm_core_mpu.c.obj)
 .rodata.mpu_config
                0x0000000000006fd4        0x8 zephyr/soc/arm/common/cortex_m/libsoc__arm__common__cortex_m.a(arm_mpu_regions.c.obj)
                0x0000000000006fd4                mpu_config
 .rodata.mpu_regions
                0x0000000000006fdc       0x18 zephyr/soc/arm/common/cortex_m/libsoc__arm__common__cortex_m.a(arm_mpu_regions.c.obj)
 .rodata.clock_control_api
                0x0000000000006ff4       0x18 zephyr/drivers/clock_control/libdrivers__clock_control.a(clock_control_nrf.c.obj)
 .rodata.config
                0x000000000000700c       0x18 zephyr/drivers/clock_control/libdrivers__clock_control.a(clock_control_nrf.c.obj)
 .rodata.transitions.0
                0x0000000000007024        0xc zephyr/drivers/clock_control/libdrivers__clock_control.a(clock_control_nrf.c.obj)
 .rodata.gpio_nrfx_drv_api_funcs
                0x0000000000007030       0x24 zephyr/drivers/gpio/libdrivers__gpio.a(gpio_nrfx.c.obj)
 .rodata.gpio_nrfx_p0_cfg
                0x0000000000007054       0x10 zephyr/drivers/gpio/libdrivers__gpio.a(gpio_nrfx.c.obj)
 .rodata.gpio_nrfx_p1_cfg
                0x0000000000007064       0x10 zephyr/drivers/gpio/libdrivers__gpio.a(gpio_nrfx.c.obj)
 .rodata.__pinctrl_dev_config__device_dts_ord_67
                0x0000000000007074        0xc zephyr/drivers/pwm/libdrivers__pwm.a(pwm_nrfx.c.obj)
 .rodata.__pinctrl_state_pins_0__device_dts_ord_67
                0x0000000000007080        0x4 zephyr/drivers/pwm/libdrivers__pwm.a(pwm_nrfx.c.obj)
 .rodata.__pinctrl_states__device_dts_ord_67
                0x0000000000007084        0x8 zephyr/drivers/pwm/libdrivers__pwm.a(pwm_nrfx.c.obj)
 .rodata.pwm_nrfx_0config
                0x000000000000708c       0x2c zephyr/drivers/pwm/libdrivers__pwm.a(pwm_nrfx.c.obj)
 .rodata.pwm_nrfx_drv_api_funcs
                0x00000000000070b8        0x8 zephyr/drivers/pwm/libdrivers__pwm.a(pwm_nrfx.c.obj)
 .rodata.__pinctrl_dev_config__device_dts_ord_112
                0x00000000000070c0        0xc zephyr/drivers/serial/libdrivers__serial.a(uart_nrfx_uarte.c.obj)
 .rodata.__pinctrl_dev_config__device_dts_ord_113
                0x00000000000070cc        0xc zephyr/drivers/serial/libdrivers__serial.a(uart_nrfx_uarte.c.obj)
 .rodata.__pinctrl_state_pins_0__device_dts_ord_112
                0x00000000000070d8       0x10 zephyr/drivers/serial/libdrivers__serial.a(uart_nrfx_uarte.c.obj)
 .rodata.__pinctrl_state_pins_0__device_dts_ord_113
                0x00000000000070e8        0x8 zephyr/drivers/serial/libdrivers__serial.a(uart_nrfx_uarte.c.obj)
 .rodata.__pinctrl_states__device_dts_ord_112
                0x00000000000070f0        0x8 zephyr/drivers/serial/libdrivers__serial.a(uart_nrfx_uarte.c.obj)
 .rodata.__pinctrl_states__device_dts_ord_113
                0x00000000000070f8        0x8 zephyr/drivers/serial/libdrivers__serial.a(uart_nrfx_uarte.c.obj)
 .rodata.uart_nrfx_uarte_driver_api
                0x0000000000007100       0x14 zephyr/drivers/serial/libdrivers__serial.a(uart_nrfx_uarte.c.obj)
 .rodata.uarte_0z_config
                0x0000000000007114       0x10 zephyr/drivers/serial/libdrivers__serial.a(uart_nrfx_uarte.c.obj)
 .rodata.uarte_1z_config
                0x0000000000007124       0x10 zephyr/drivers/serial/libdrivers__serial.a(uart_nrfx_uarte.c.obj)
 .rodata.levels.0
                0x0000000000007134       0x14 zephyr/kernel/libkernel.a(device.c.obj)
 .rodata._k_neg_eagain
                0x0000000000007148        0x4 zephyr/kernel/libkernel.a(errno.c.obj)
                0x0000000000007148                _k_neg_eagain
 .rodata.CSWTCH.16
                0x000000000000714c       0x14 zephyr/kernel/libkernel.a(fatal.c.obj)
 .rodata.CSWTCH.12
                0x0000000000007160       0x1c /home/rt/ncs/nrfxlib/crypto/nrf_cc310_platform/lib/cortex-m4/soft-float/no-interrupts/libnrf_cc310_platform_0.9.14.a(nrf_cc3xx_platform.c.obj)
 .rodata.mutex_free.str1.4
                0x000000000000717c       0x26 /home/rt/ncs/nrfxlib/crypto/nrf_cc310_platform/lib/cortex-m4/soft-float/no-interrupts/libnrf_cc310_platform_0.9.14.a(nrf_cc3xx_platform_mutex.c.obj)
 *fill*         0x00000000000071a2        0x2 
 .rodata.mutex_init.str1.4
                0x00000000000071a4       0x23 /home/rt/ncs/nrfxlib/crypto/nrf_cc310_platform/lib/cortex-m4/soft-float/no-interrupts/libnrf_cc310_platform_0.9.14.a(nrf_cc3xx_platform_mutex.c.obj)
 *fill*         0x00000000000071c7        0x1 
 .rodata.CC_PalPowerSaveModeInit.str1.4
                0x00000000000071c8       0x20 /home/rt/ncs/nrfxlib/crypto/nrf_cc310_platform/lib/cortex-m4/soft-float/no-interrupts/libnrf_cc310_platform_0.9.14.a(cc_pal_pm.c.obj)
 .rodata.button_pressed.str1.1
                0x00000000000071e8       0x18 app/libapp.a(main.c.obj)
 .rodata.main.str1.1
                0x0000000000007200      0x145 app/libapp.a(main.c.obj)
 .rodata.cbvprintf.str1.1
                0x0000000000007345        0x6 zephyr/libzephyr.a(cbprintf_complete.c.obj)
 .rodata.sys_reboot.str1.1
                0x000000000000734b       0x29 zephyr/libzephyr.a(reboot.c.obj)
 .rodata.str1.1
                0x0000000000007374        0x4 zephyr/libzephyr.a(log_core.c.obj)
 .rodata.prefix_print.str1.1
                0x0000000000007378       0x3d zephyr/libzephyr.a(log_output.c.obj)
                                         0x40 (size before relaxing)
 .rodata.hexdump_line_print.str1.1
                0x00000000000073b5       0x12 zephyr/libzephyr.a(log_output.c.obj)
                                         0x16 (size before relaxing)
 .rodata.str1.1
                0x00000000000073c7       0x20 zephyr/libzephyr.a(log_output.c.obj)
 .rodata.str1.1
                0x00000000000073e7       0x1a zephyr/libzephyr.a(log_backend_uart.c.obj)
 .rodata.str1.1
                0x0000000000007401       0x10 zephyr/libzephyr.a(log_backend_rtt.c.obj)
 .rodata.str1.1
                0x0000000000007411        0x3 zephyr/libzephyr.a(pm.c.obj)
 .rodata.mutex_free_platform.str1.1
                0x0000000000007414       0x26 zephyr/libzephyr.a(nrf_cc3xx_platform_mutex_zephyr.c.obj)
 .rodata.mutex_init_platform.str1.1
                0x000000000000743a       0x2d zephyr/libzephyr.a(nrf_cc3xx_platform_mutex_zephyr.c.obj)
 .rodata.z_arm_fatal_error.str1.1
                0x0000000000007467       0x9b zephyr/arch/arch/arm/core/aarch32/libarch__arm__core__aarch32.a(fatal.c.obj)
 .rodata.bus_fault.constprop.0.str1.1
                0x0000000000007502       0xca zephyr/arch/arch/arm/core/aarch32/cortex_m/libarch__arm__core__aarch32__cortex_m.a(fault.c.obj)
 .rodata.usage_fault.constprop.0.str1.1
                0x00000000000075cc       0xcd zephyr/arch/arch/arm/core/aarch32/cortex_m/libarch__arm__core__aarch32__cortex_m.a(fault.c.obj)
 .rodata.mem_manage_fault.str1.1
                0x0000000000007699       0x96 zephyr/arch/arch/arm/core/aarch32/cortex_m/libarch__arm__core__aarch32__cortex_m.a(fault.c.obj)
 .rodata.z_arm_fault.str1.1
                0x000000000000772f      0x111 zephyr/arch/arch/arm/core/aarch32/cortex_m/libarch__arm__core__aarch32__cortex_m.a(fault.c.obj)
 .rodata.str1.1
                0x0000000000007840        0x4 zephyr/arch/arch/arm/core/aarch32/mpu/libarch__arm__core__aarch32__mpu.a(arm_core_mpu.c.obj)
 .rodata.mpu_configure_regions.str1.1
                0x0000000000007844       0x49 zephyr/arch/arch/arm/core/aarch32/mpu/libarch__arm__core__aarch32__mpu.a(arm_mpu.c.obj)
 .rodata.str1.1
                0x000000000000788d        0xf zephyr/soc/arm/common/cortex_m/libsoc__arm__common__cortex_m.a(arm_mpu_regions.c.obj)
 .rodata.str1.1
                0x000000000000789c        0x4 zephyr/soc/arm/nordic_nrf/nrf52/libsoc__arm__nordic_nrf__nrf52.a(soc.c.obj)
 .rodata.CSWTCH.9
                0x00000000000078a0        0x6 zephyr/soc/arm/nordic_nrf/nrf52/libsoc__arm__nordic_nrf__nrf52.a(soc.c.obj)
 .rodata.str1.1
                0x00000000000078a6       0x20 zephyr/drivers/clock_control/libdrivers__clock_control.a(clock_control_nrf.c.obj)
 .rodata.str1.1
                0x00000000000078c6        0xe zephyr/drivers/gpio/libdrivers__gpio.a(gpio_nrfx.c.obj)
 .rodata.pwm_nrfx_init.str1.1
                0x00000000000078d4       0x20 zephyr/drivers/pwm/libdrivers__pwm.a(pwm_nrfx.c.obj)
 .rodata.pwm_nrfx_set_cycles.str1.1
                0x00000000000078f4       0x88 zephyr/drivers/pwm/libdrivers__pwm.a(pwm_nrfx.c.obj)
 .rodata.str1.1
                0x000000000000797c        0xf zephyr/drivers/pwm/libdrivers__pwm.a(pwm_nrfx.c.obj)
 .rodata.__func__.0
                0x000000000000798b       0x14 zephyr/drivers/pwm/libdrivers__pwm.a(pwm_nrfx.c.obj)
 .rodata.z_log_msg2_runtime_create.constprop.0.str1.1
                0x000000000000799f       0x1f zephyr/drivers/serial/libdrivers__serial.a(uart_nrfx_uarte.c.obj)
 .rodata.str1.1
                0x00000000000079be       0x1e zephyr/drivers/serial/libdrivers__serial.a(uart_nrfx_uarte.c.obj)
 .rodata.z_log_msg2_runtime_create.constprop.0.str1.1
                0x00000000000079dc       0x11 modules/nrf/lib/fatal_error/lib..__nrf__lib__fatal_error.a(fatal_error.c.obj)
 .rodata.str1.1
                0x00000000000079ed        0xc modules/nrf/lib/fatal_error/lib..__nrf__lib__fatal_error.a(fatal_error.c.obj)
 .rodata.CSWTCH.14
                0x00000000000079f9        0x6 modules/hal_nordic/nrfx/libmodules__hal_nordic__nrfx.a(system_nrf52840.c.obj)
 .rodata.CSWTCH.5
                0x00000000000079ff        0x6 modules/hal_nordic/nrfx/libmodules__hal_nordic__nrfx.a(system_nrf52840.c.obj)
 .rodata._DoInit.str1.1
                0x0000000000007a05       0x14 modules/segger/libmodules__segger.a(SEGGER_RTT.c.obj)
 .rodata.z_fatal_error.str1.1
                0x0000000000007a19       0x77 zephyr/kernel/libkernel.a(fatal.c.obj)
 .rodata.str1.1
                0x0000000000007a90       0x4a zephyr/kernel/libkernel.a(fatal.c.obj)
 .rodata.z_cstart.str1.1
                0x0000000000007ada        0x5 zephyr/kernel/libkernel.a(init.c.obj)
 .rodata.str1.1
                0x0000000000007adf        0x3 zephyr/kernel/libkernel.a(init.c.obj)
 .rodata.boot_banner.str1.1
                0x0000000000007ae2       0x34 zephyr/kernel/libkernel.a(banner.c.obj)
                                         0x35 (size before relaxing)
 *(SORT_BY_ALIGNMENT(.gnu.linkonce.r.*))
                0x0000000000007b18                . = ALIGN (0x4)
 *fill*         0x0000000000007b16        0x2 
                0x0000000000007b18                __rodata_region_end = .
                0x0000000000007b20                . = ALIGN (_region_min_align)
                0x0000000000008000                . = ALIGN ((0x1 << ((__rodata_region_end - __rom_region_start) <= 0x4)?0x2:((__rodata_region_end - __rom_region_start) <= 0x8)?0x3:((__rodata_region_end - __rom_region_start) <= 0x10)?0x4:((__rodata_region_end - __rom_region_start) <= 0x20)?0x5:((__rodata_region_end - __rom_region_start) <= 0x40)?0x6:((__rodata_region_end - __rom_region_start) <= 0x80)?0x7:((__rodata_region_end - __rom_region_start) <= 0x100)?0x8:((__rodata_region_end - __rom_region_start) <= 0x200)?0x9:((__rodata_region_end - __rom_region_start) <= 0x400)?0xa:((__rodata_region_end - __rom_region_start) <= 0x800)?0xb:((__rodata_region_end - __rom_region_start) <= 0x1000)?0xc:((__rodata_region_end - __rom_region_start) <= 0x2000)?0xd:((__rodata_region_end - __rom_region_start) <= 0x4000)?0xe:((__rodata_region_end - __rom_region_start) <= 0x8000)?0xf:((__rodata_region_end - __rom_region_start) <= 0x10000)?0x10:((__rodata_region_end - __rom_region_start) <= 0x20000)?0x11:((__rodata_region_end - __rom_region_start) <= 0x40000)?0x12:((__rodata_region_end - __rom_region_start) <= 0x80000)?0x13:((__rodata_region_end - __rom_region_start) <= 0x100000)?0x14:((__rodata_region_end - __rom_region_start) <= 0x200000)?0x15:((__rodata_region_end - __rom_region_start) <= 0x400000)?0x16:((__rodata_region_end - __rom_region_start) <= 0x800000)?0x17:((__rodata_region_end - __rom_region_start) <= 0x1000000)?0x18:((__rodata_region_end - __rom_region_start) <= 0x2000000)?0x19:((__rodata_region_end - __rom_region_start) <= 0x4000000)?0x1a:((__rodata_region_end - __rom_region_start) <= 0x8000000)?0x1b:((__rodata_region_end - __rom_region_start) <= 0x10000000)?0x1c:((__rodata_region_end - __rom_region_start) <= 0x20000000)?0x1d:((__rodata_region_end - __rom_region_start) <= 0x40000000)?0x1e:((__rodata_region_end - __rom_region_start) <= 0x80000000)?0x1f:0x20))
                0x0000000000008000                __rom_region_end = .
                0x0000000020000000                . = 0x20000000
                0x0000000020000000                . = ALIGN (_region_min_align)
                0x0000000020000000                _image_ram_start = .

.ramfunc        0x0000000020000000        0x0 load address 0x0000000000007b18
                0x0000000020000000                . = ALIGN (_region_min_align)
                0x0000000020000000                . = ALIGN ((0x1 << (__ramfunc_size <= 0x4)?0x2:(__ramfunc_size <= 0x8)?0x3:(__ramfunc_size <= 0x10)?0x4:(__ramfunc_size <= 0x20)?0x5:(__ramfunc_size <= 0x40)?0x6:(__ramfunc_size <= 0x80)?0x7:(__ramfunc_size <= 0x100)?0x8:(__ramfunc_size <= 0x200)?0x9:(__ramfunc_size <= 0x400)?0xa:(__ramfunc_size <= 0x800)?0xb:(__ramfunc_size <= 0x1000)?0xc:(__ramfunc_size <= 0x2000)?0xd:(__ramfunc_size <= 0x4000)?0xe:(__ramfunc_size <= 0x8000)?0xf:(__ramfunc_size <= 0x10000)?0x10:(__ramfunc_size <= 0x20000)?0x11:(__ramfunc_size <= 0x40000)?0x12:(__ramfunc_size <= 0x80000)?0x13:(__ramfunc_size <= 0x100000)?0x14:(__ramfunc_size <= 0x200000)?0x15:(__ramfunc_size <= 0x400000)?0x16:(__ramfunc_size <= 0x800000)?0x17:(__ramfunc_size <= 0x1000000)?0x18:(__ramfunc_size <= 0x2000000)?0x19:(__ramfunc_size <= 0x4000000)?0x1a:(__ramfunc_size <= 0x8000000)?0x1b:(__ramfunc_size <= 0x10000000)?0x1c:(__ramfunc_size <= 0x20000000)?0x1d:(__ramfunc_size <= 0x40000000)?0x1e:(__ramfunc_size <= 0x80000000)?0x1f:0x20))
                0x0000000020000000                __ramfunc_start = .
 *(SORT_BY_ALIGNMENT(.ramfunc))
 *(SORT_BY_ALIGNMENT(.ramfunc.*))
                0x0000000020000000                . = ALIGN (_region_min_align)
                0x0000000020000000                . = ALIGN ((0x1 << (__ramfunc_size <= 0x4)?0x2:(__ramfunc_size <= 0x8)?0x3:(__ramfunc_size <= 0x10)?0x4:(__ramfunc_size <= 0x20)?0x5:(__ramfunc_size <= 0x40)?0x6:(__ramfunc_size <= 0x80)?0x7:(__ramfunc_size <= 0x100)?0x8:(__ramfunc_size <= 0x200)?0x9:(__ramfunc_size <= 0x400)?0xa:(__ramfunc_size <= 0x800)?0xb:(__ramfunc_size <= 0x1000)?0xc:(__ramfunc_size <= 0x2000)?0xd:(__ramfunc_size <= 0x4000)?0xe:(__ramfunc_size <= 0x8000)?0xf:(__ramfunc_size <= 0x10000)?0x10:(__ramfunc_size <= 0x20000)?0x11:(__ramfunc_size <= 0x40000)?0x12:(__ramfunc_size <= 0x80000)?0x13:(__ramfunc_size <= 0x100000)?0x14:(__ramfunc_size <= 0x200000)?0x15:(__ramfunc_size <= 0x400000)?0x16:(__ramfunc_size <= 0x800000)?0x17:(__ramfunc_size <= 0x1000000)?0x18:(__ramfunc_size <= 0x2000000)?0x19:(__ramfunc_size <= 0x4000000)?0x1a:(__ramfunc_size <= 0x8000000)?0x1b:(__ramfunc_size <= 0x10000000)?0x1c:(__ramfunc_size <= 0x20000000)?0x1d:(__ramfunc_size <= 0x40000000)?0x1e:(__ramfunc_size <= 0x80000000)?0x1f:0x20))
                0x0000000020000000                __ramfunc_end = .
                0x0000000000000000                __ramfunc_size = (__ramfunc_end - __ramfunc_start)
                0x0000000000007b18                __ramfunc_load_start = LOADADDR (.ramfunc)

datas           0x0000000020000000      0x148 load address 0x0000000000007b18
                0x0000000020000000                __data_region_start = .
                0x0000000020000000                __data_start = .
 *(SORT_BY_ALIGNMENT(.data))
 *(SORT_BY_ALIGNMENT(.data.*))
 .data.div.0    0x0000000020000000        0x4 app/libapp.a(main.c.obj)
 .data._char_out
                0x0000000020000004        0x4 zephyr/libzephyr.a(printk.c.obj)
                0x0000000020000004                _char_out
 .data.timestamp_func
                0x0000000020000008        0x4 zephyr/libzephyr.a(log_core.c.obj)
 .data.max_latency_ticks
                0x000000002000000c        0x4 zephyr/libzephyr.a(policy.c.obj)
 .data.asym_mutex
                0x0000000020000010        0x8 zephyr/libzephyr.a(nrf_cc3xx_platform_mutex_zephyr.c.obj)
 .data.power_mutex
                0x0000000020000018        0x8 zephyr/libzephyr.a(nrf_cc3xx_platform_mutex_zephyr.c.obj)
 .data.rng_mutex
                0x0000000020000020        0x8 zephyr/libzephyr.a(nrf_cc3xx_platform_mutex_zephyr.c.obj)
 .data.sym_mutex
                0x0000000020000028        0x8 zephyr/libzephyr.a(nrf_cc3xx_platform_mutex_zephyr.c.obj)
 .data._stdout_hook
                0x0000000020000030        0x4 zephyr/lib/libc/minimal/liblib__libc__minimal.a(stdout_console.c.obj)
 .data.uarte_0_data
                0x0000000020000034       0x14 zephyr/drivers/serial/libdrivers__serial.a(uart_nrfx_uarte.c.obj)
 .data.uarte_1_data
                0x0000000020000048       0x14 zephyr/drivers/serial/libdrivers__serial.a(uart_nrfx_uarte.c.obj)
 .data.SystemCoreClock
                0x000000002000005c        0x4 modules/hal_nordic/nrfx/libmodules__hal_nordic__nrfx.a(system_nrf52840.c.obj)
                0x000000002000005c                SystemCoreClock
 .data.m_cb     0x0000000020000060       0x7c modules/hal_nordic/nrfx/libmodules__hal_nordic__nrfx.a(nrfx_gpiote.c.obj)
 .data.m_channels_allocated
                0x00000000200000dc        0x4 modules/hal_nordic/nrfx/libmodules__hal_nordic__nrfx.a(nrfx_ppi.c.obj)
 .data.timeout_list
                0x00000000200000e0        0x8 zephyr/kernel/libkernel.a(timeout.c.obj)
 .data.platform_abort_apis
                0x00000000200000e8        0x8 /home/rt/ncs/nrfxlib/crypto/nrf_cc310_platform/lib/cortex-m4/soft-float/no-interrupts/libnrf_cc310_platform_0.9.14.a(nrf_cc3xx_platform_abort.c.obj)
                0x00000000200000e8                platform_abort_apis
 .data.asym_mutex